Archive member included to satisfy reference by file (symbol)

C:/ST/STM32CubeIDE_1.15.1/STM32CubeIDE/plugins/com.st.stm32cube.ide.mcu.externaltools.gnu-tools-for-stm32.12.3.rel1.win32_1.0.100.202403111256/tools/bin/../lib/gcc/arm-none-eabi/12.3.1/../../../../arm-none-eabi/lib/thumb/v7-m/nofp\libc_nano.a(libc_a-exit.o)
                              C:/ST/STM32CubeIDE_1.15.1/STM32CubeIDE/plugins/com.st.stm32cube.ide.mcu.externaltools.gnu-tools-for-stm32.12.3.rel1.win32_1.0.100.202403111256/tools/bin/../lib/gcc/arm-none-eabi/12.3.1/../../../../arm-none-eabi/lib/thumb/v7-m/nofp/crt0.o (exit)
C:/ST/STM32CubeIDE_1.15.1/STM32CubeIDE/plugins/com.st.stm32cube.ide.mcu.externaltools.gnu-tools-for-stm32.12.3.rel1.win32_1.0.100.202403111256/tools/bin/../lib/gcc/arm-none-eabi/12.3.1/../../../../arm-none-eabi/lib/thumb/v7-m/nofp\libc_nano.a(libc_a-findfp.o)
                              C:/ST/STM32CubeIDE_1.15.1/STM32CubeIDE/plugins/com.st.stm32cube.ide.mcu.externaltools.gnu-tools-for-stm32.12.3.rel1.win32_1.0.100.202403111256/tools/bin/../lib/gcc/arm-none-eabi/12.3.1/../../../../arm-none-eabi/lib/thumb/v7-m/nofp\libc_nano.a(libc_a-exit.o) (__stdio_exit_handler)
C:/ST/STM32CubeIDE_1.15.1/STM32CubeIDE/plugins/com.st.stm32cube.ide.mcu.externaltools.gnu-tools-for-stm32.12.3.rel1.win32_1.0.100.202403111256/tools/bin/../lib/gcc/arm-none-eabi/12.3.1/../../../../arm-none-eabi/lib/thumb/v7-m/nofp\libc_nano.a(libc_a-fwalk.o)
                              C:/ST/STM32CubeIDE_1.15.1/STM32CubeIDE/plugins/com.st.stm32cube.ide.mcu.externaltools.gnu-tools-for-stm32.12.3.rel1.win32_1.0.100.202403111256/tools/bin/../lib/gcc/arm-none-eabi/12.3.1/../../../../arm-none-eabi/lib/thumb/v7-m/nofp\libc_nano.a(libc_a-findfp.o) (_fwalk_sglue)
C:/ST/STM32CubeIDE_1.15.1/STM32CubeIDE/plugins/com.st.stm32cube.ide.mcu.externaltools.gnu-tools-for-stm32.12.3.rel1.win32_1.0.100.202403111256/tools/bin/../lib/gcc/arm-none-eabi/12.3.1/../../../../arm-none-eabi/lib/thumb/v7-m/nofp\libc_nano.a(libc_a-stdio.o)
                              C:/ST/STM32CubeIDE_1.15.1/STM32CubeIDE/plugins/com.st.stm32cube.ide.mcu.externaltools.gnu-tools-for-stm32.12.3.rel1.win32_1.0.100.202403111256/tools/bin/../lib/gcc/arm-none-eabi/12.3.1/../../../../arm-none-eabi/lib/thumb/v7-m/nofp\libc_nano.a(libc_a-findfp.o) (__sread)
C:/ST/STM32CubeIDE_1.15.1/STM32CubeIDE/plugins/com.st.stm32cube.ide.mcu.externaltools.gnu-tools-for-stm32.12.3.rel1.win32_1.0.100.202403111256/tools/bin/../lib/gcc/arm-none-eabi/12.3.1/../../../../arm-none-eabi/lib/thumb/v7-m/nofp\libc_nano.a(libc_a-memset.o)
                              C:/ST/STM32CubeIDE_1.15.1/STM32CubeIDE/plugins/com.st.stm32cube.ide.mcu.externaltools.gnu-tools-for-stm32.12.3.rel1.win32_1.0.100.202403111256/tools/bin/../lib/gcc/arm-none-eabi/12.3.1/../../../../arm-none-eabi/lib/thumb/v7-m/nofp/crt0.o (memset)
C:/ST/STM32CubeIDE_1.15.1/STM32CubeIDE/plugins/com.st.stm32cube.ide.mcu.externaltools.gnu-tools-for-stm32.12.3.rel1.win32_1.0.100.202403111256/tools/bin/../lib/gcc/arm-none-eabi/12.3.1/../../../../arm-none-eabi/lib/thumb/v7-m/nofp\libc_nano.a(libc_a-closer.o)
                              C:/ST/STM32CubeIDE_1.15.1/STM32CubeIDE/plugins/com.st.stm32cube.ide.mcu.externaltools.gnu-tools-for-stm32.12.3.rel1.win32_1.0.100.202403111256/tools/bin/../lib/gcc/arm-none-eabi/12.3.1/../../../../arm-none-eabi/lib/thumb/v7-m/nofp\libc_nano.a(libc_a-stdio.o) (_close_r)
C:/ST/STM32CubeIDE_1.15.1/STM32CubeIDE/plugins/com.st.stm32cube.ide.mcu.externaltools.gnu-tools-for-stm32.12.3.rel1.win32_1.0.100.202403111256/tools/bin/../lib/gcc/arm-none-eabi/12.3.1/../../../../arm-none-eabi/lib/thumb/v7-m/nofp\libc_nano.a(libc_a-reent.o)
                              C:/ST/STM32CubeIDE_1.15.1/STM32CubeIDE/plugins/com.st.stm32cube.ide.mcu.externaltools.gnu-tools-for-stm32.12.3.rel1.win32_1.0.100.202403111256/tools/bin/../lib/gcc/arm-none-eabi/12.3.1/../../../../arm-none-eabi/lib/thumb/v7-m/nofp\libc_nano.a(libc_a-closer.o) (errno)
C:/ST/STM32CubeIDE_1.15.1/STM32CubeIDE/plugins/com.st.stm32cube.ide.mcu.externaltools.gnu-tools-for-stm32.12.3.rel1.win32_1.0.100.202403111256/tools/bin/../lib/gcc/arm-none-eabi/12.3.1/../../../../arm-none-eabi/lib/thumb/v7-m/nofp\libc_nano.a(libc_a-impure.o)
                              C:/ST/STM32CubeIDE_1.15.1/STM32CubeIDE/plugins/com.st.stm32cube.ide.mcu.externaltools.gnu-tools-for-stm32.12.3.rel1.win32_1.0.100.202403111256/tools/bin/../lib/gcc/arm-none-eabi/12.3.1/../../../../arm-none-eabi/lib/thumb/v7-m/nofp\libc_nano.a(libc_a-reent.o) (_impure_ptr)
C:/ST/STM32CubeIDE_1.15.1/STM32CubeIDE/plugins/com.st.stm32cube.ide.mcu.externaltools.gnu-tools-for-stm32.12.3.rel1.win32_1.0.100.202403111256/tools/bin/../lib/gcc/arm-none-eabi/12.3.1/../../../../arm-none-eabi/lib/thumb/v7-m/nofp\libc_nano.a(libc_a-lseekr.o)
[...]
Memory Configuration

Name             Origin             Length             Attributes
RAM              0x20000000         0x0000c000         xrw
FLASH            0x08000000         0x00040000         xr
*default*        0x00000000         0xffffffff

Linker script and memory map

LOAD C:/ST/STM32CubeIDE_1.15.1/STM32CubeIDE/plugins/com.st.stm32cube.ide.mcu.externaltools.gnu-tools-for-stm32.12.3.rel1.win32_1.0.100.202403111256/tools/bin/../lib/gcc/arm-none-eabi/12.3.1/thumb/v7-m/nofp/crti.o
LOAD C:/ST/STM32CubeIDE_1.15.1/STM32CubeIDE/plugins/com.st.stm32cube.ide.mcu.externaltools.gnu-tools-for-stm32.12.3.rel1.win32_1.0.100.202403111256/tools/bin/../lib/gcc/arm-none-eabi/12.3.1/thumb/v7-m/nofp/crtbegin.o
LOAD C:/ST/STM32CubeIDE_1.15.1/STM32CubeIDE/plugins/com.st.stm32cube.ide.mcu.externaltools.gnu-tools-for-stm32.12.3.rel1.win32_1.0.100.202403111256/tools/bin/../lib/gcc/arm-none-eabi/12.3.1/../../../../arm-none-eabi/lib/thumb/v7-m/nofp/crt0.o
LOAD ./Core/Src/freertos.o
LOAD ./Core/Src/main.o
LOAD ./Core/Src/stm32f1xx_hal_msp.o
LOAD ./Core/Src/stm32f1xx_hal_timebase_tim.o
LOAD ./Core/Src/stm32f1xx_it.o
LOAD ./Core/Src/syscalls.o
LOAD ./Core/Src/sysmem.o
LOAD ./Core/Src/system_stm32f1xx.o
LOAD ./Core/Startup/startup_stm32f103rctx.o
LOAD ./Drivers/STM32F1xx_HAL_Driver/Src/stm32f1xx_hal.o
LOAD ./Drivers/STM32F1xx_HAL_Driver/Src/stm32f1xx_hal_cortex.o
LOAD ./Drivers/STM32F1xx_HAL_Driver/Src/stm32f1xx_hal_dma.o
LOAD ./Drivers/STM32F1xx_HAL_Driver/Src/stm32f1xx_hal_exti.o
LOAD ./Drivers/STM32F1xx_HAL_Driver/Src/stm32f1xx_hal_flash.o
LOAD ./Drivers/STM32F1xx_HAL_Driver/Src/stm32f1xx_hal_flash_ex.o
LOAD ./Drivers/STM32F1xx_HAL_Driver/Src/stm32f1xx_hal_gpio.o
LOAD ./Drivers/STM32F1xx_HAL_Driver/Src/stm32f1xx_hal_gpio_ex.o
LOAD ./Drivers/STM32F1xx_HAL_Driver/Src/stm32f1xx_hal_pwr.o
LOAD ./Drivers/STM32F1xx_HAL_Driver/Src/stm32f1xx_hal_rcc.o
LOAD ./Drivers/STM32F1xx_HAL_Driver/Src/stm32f1xx_hal_rcc_ex.o
LOAD ./Drivers/STM32F1xx_HAL_Driver/Src/stm32f1xx_hal_tim.o
LOAD ./Drivers/STM32F1xx_HAL_Driver/Src/stm32f1xx_hal_tim_ex.o
LOAD ./Drivers/STM32F1xx_HAL_Driver/Src/stm32f1xx_hal_uart.o
LOAD ./Middlewares/Third_Party/FreeRTOS/Source/CMSIS_RTOS_V2/cmsis_os2.o
LOAD ./Middlewares/Third_Party/FreeRTOS/Source/croutine.o
LOAD ./Middlewares/Third_Party/FreeRTOS/Source/event_groups.o
LOAD ./Middlewares/Third_Party/FreeRTOS/Source/list.o
LOAD ./Middlewares/Third_Party/FreeRTOS/Source/queue.o
LOAD ./Middlewares/Third_Party/FreeRTOS/Source/stream_buffer.o
LOAD ./Middlewares/Third_Party/FreeRTOS/Source/tasks.o
LOAD ./Middlewares/Third_Party/FreeRTOS/Source/timers.o
LOAD ./Middlewares/Third_Party/FreeRTOS/Source/portable/GCC/ARM_CM3/port.o
LOAD ./Middlewares/Third_Party/FreeRTOS/Source/portable/MemMang/heap_4.o
LOAD ./Middlewares/Third_Party/MODBUS-LIB/Src/Modbus.o
LOAD ./Middlewares/Third_Party/MODBUS-LIB/Src/UARTCallback.o
START GROUP
LOAD C:/ST/STM32CubeIDE_1.15.1/STM32CubeIDE/plugins/com.st.stm32cube.ide.mcu.externaltools.gnu-tools-for-stm32.12.3.rel1.win32_1.0.100.202403111256/tools/bin/../lib/gcc/arm-none-eabi/12.3.1/../../../../arm-none-eabi/lib/thumb/v7-m/nofp\libc_nano.a
LOAD C:/ST/STM32CubeIDE_1.15.1/STM32CubeIDE/plugins/com.st.stm32cube.ide.mcu.externaltools.gnu-tools-for-stm32.12.3.rel1.win32_1.0.100.202403111256/tools/bin/../lib/gcc/arm-none-eabi/12.3.1/../../../../arm-none-eabi/lib/thumb/v7-m/nofp\libm.a
END GROUP
START GROUP
LOAD C:/ST/STM32CubeIDE_1.15.1/STM32CubeIDE/plugins/com.st.stm32cube.ide.mcu.externaltools.gnu-tools-for-stm32.12.3.rel1.win32_1.0.100.202403111256/tools/bin/../lib/gcc/arm-none-eabi/12.3.1/thumb/v7-m/nofp\libgcc.a
LOAD C:/ST/STM32CubeIDE_1.15.1/STM32CubeIDE/plugins/com.st.stm32cube.ide.mcu.externaltools.gnu-tools-for-stm32.12.3.rel1.win32_1.0.100.202403111256/tools/bin/../lib/gcc/arm-none-eabi/12.3.1/../../../../arm-none-eabi/lib/thumb/v7-m/nofp\libc_nano.a
END GROUP
START GROUP
LOAD C:/ST/STM32CubeIDE_1.15.1/STM32CubeIDE/plugins/com.st.stm32cube.ide.mcu.externaltools.gnu-tools-for-stm32.12.3.rel1.win32_1.0.100.202403111256/tools/bin/../lib/gcc/arm-none-eabi/12.3.1/thumb/v7-m/nofp\libgcc.a
LOAD C:/ST/STM32CubeIDE_1.15.1/STM32CubeIDE/plugins/com.st.stm32cube.ide.mcu.externaltools.gnu-tools-for-stm32.12.3.rel1.win32_1.0.100.202403111256/tools/bin/../lib/gcc/arm-none-eabi/12.3.1/../../../../arm-none-eabi/lib/thumb/v7-m/nofp\libc_nano.a
LOAD C:/ST/STM32CubeIDE_1.15.1/STM32CubeIDE/plugins/com.st.stm32cube.ide.mcu.externaltools.gnu-tools-for-stm32.12.3.rel1.win32_1.0.100.202403111256/tools/bin/../lib/gcc/arm-none-eabi/12.3.1/../../../../arm-none-eabi/lib/thumb/v7-m/nofp\libnosys.a
END GROUP
START GROUP
LOAD C:/ST/STM32CubeIDE_1.15.1/STM32CubeIDE/plugins/com.st.stm32cube.ide.mcu.externaltools.gnu-tools-for-stm32.12.3.rel1.win32_1.0.100.202403111256/tools/bin/../lib/gcc/arm-none-eabi/12.3.1/thumb/v7-m/nofp\libgcc.a
LOAD C:/ST/STM32CubeIDE_1.15.1/STM32CubeIDE/plugins/com.st.stm32cube.ide.mcu.externaltools.gnu-tools-for-stm32.12.3.rel1.win32_1.0.100.202403111256/tools/bin/../lib/gcc/arm-none-eabi/12.3.1/../../../../arm-none-eabi/lib/thumb/v7-m/nofp\libc_nano.a
LOAD C:/ST/STM32CubeIDE_1.15.1/STM32CubeIDE/plugins/com.st.stm32cube.ide.mcu.externaltools.gnu-tools-for-stm32.12.3.rel1.win32_1.0.100.202403111256/tools/bin/../lib/gcc/arm-none-eabi/12.3.1/../../../../arm-none-eabi/lib/thumb/v7-m/nofp\libnosys.a
END GROUP
LOAD C:/ST/STM32CubeIDE_1.15.1/STM32CubeIDE/plugins/com.st.stm32cube.ide.mcu.externaltools.gnu-tools-for-stm32.12.3.rel1.win32_1.0.100.202403111256/tools/bin/../lib/gcc/arm-none-eabi/12.3.1/thumb/v7-m/nofp/crtend.o
LOAD C:/ST/STM32CubeIDE_1.15.1/STM32CubeIDE/plugins/com.st.stm32cube.ide.mcu.externaltools.gnu-tools-for-stm32.12.3.rel1.win32_1.0.100.202403111256/tools/bin/../lib/gcc/arm-none-eabi/12.3.1/thumb/v7-m/nofp/crtn.o
                0x2000c000                        _estack = (ORIGIN (RAM) + LENGTH (RAM))
                0x00000200                        _Min_Heap_Size = 0x200
                0x00000400                        _Min_Stack_Size = 0x400

.isr_vector     0x08000000      0x1e4
                0x08000000                        . = ALIGN (0x4)
 *(.isr_vector)
 .isr_vector    0x08000000      0x1e4 ./Core/Startup/startup_stm32f103rctx.o
                0x08000000                g_pfnVectors
                0x080001e4                        . = ALIGN (0x4)

.text           0x080001f0     0x7ebc
                0x080001f0                        . = ALIGN (0x4)
 *(.text)
 .text          0x080001f0       0x40 C:/ST/STM32CubeIDE_1.15.1/STM32CubeIDE/plugins/com.st.stm32cube.ide.mcu.externaltools.gnu-tools-for-stm32.12.3.rel1.win32_1.0.100.202403111256/tools/bin/../lib/gcc/arm-none-eabi/12.3.1/thumb/v7-m/nofp/crtbegin.o
 *(.text*)
 .text.Program_main
                0x08000230       0x80 ./Core/Src/main.o
                0x08000230                Program_main
 .text.Program_Running
                0x080002b0       0x34 ./Core/Src/main.o
                0x080002b0                Program_Running
 .text.Program_Stop
                0x080002e4       0x18 ./Core/Src/main.o
                0x080002e4                Program_Stop
 .text.main     0x080002fc      0x11c ./Core/Src/main.o
                0x080002fc                main
 .text.SystemClock_Config
                0x08000418       0x8a ./Core/Src/main.o
                0x08000418                SystemClock_Config
 *fill*         0x080004a2        0x2 
 .text.MX_USART1_UART_Init
                0x080004a4       0x54 ./Core/Src/main.o
 .text.MX_USART3_UART_Init
                0x080004f8       0x54 ./Core/Src/main.o
 .text.MX_GPIO_Init
                0x0800054c      0x154 ./Core/Src/main.o
 .text.StartDefaultTask
                0x080006a0       0x30 ./Core/Src/main.o
                0x080006a0                StartDefaultTask
 .text.StartReadVolt
                0x080006d0       0x80 ./Core/Src/main.o
                0x080006d0                StartReadVolt
 .text.StartReadInput
                0x08000750       0xe8 ./Core/Src/main.o
                0x08000750                StartReadInput
 .text.HAL_TIM_PeriodElapsedCallback
                0x08000838       0x24 ./Core/Src/main.o
                0x08000838                HAL_TIM_PeriodElapsedCallback
 .text.Error_Handler
                0x0800085c        0xc ./Core/Src/main.o
                0x0800085c                Error_Handler
 .text.HAL_MspInit
                0x08000868       0x70 ./Core/Src/stm32f1xx_hal_msp.o
                0x08000868                HAL_MspInit
 .text.HAL_UART_MspInit
                0x080008d8      0x130 ./Core/Src/stm32f1xx_hal_msp.o
                0x080008d8                HAL_UART_MspInit
 .text.HAL_InitTick
                0x08000a08       0xfc ./Core/Src/stm32f1xx_hal_timebase_tim.o
                0x08000a08                HAL_InitTick
 .text.NMI_Handler
                0x08000b04        0x8 ./Core/Src/stm32f1xx_it.o
                0x08000b04                NMI_Handler
 .text.HardFault_Handler
                0x08000b0c        0x8 ./Core/Src/stm32f1xx_it.o
                0x08000b0c                HardFault_Handler
 .text.MemManage_Handler
                0x08000b14        0x8 ./Core/Src/stm32f1xx_it.o
                0x08000b14                MemManage_Handler
 .text.BusFault_Handler
                0x08000b1c        0x8 ./Core/Src/stm32f1xx_it.o
                0x08000b1c                BusFault_Handler
 .text.UsageFault_Handler
                0x08000b24        0x8 ./Core/Src/stm32f1xx_it.o
                0x08000b24                UsageFault_Handler
 .text.DebugMon_Handler
                0x08000b2c        0xc ./Core/Src/stm32f1xx_it.o
                0x08000b2c                DebugMon_Handler
 .text.TIM4_IRQHandler
                0x08000b38       0x14 ./Core/Src/stm32f1xx_it.o
                0x08000b38                TIM4_IRQHandler
 .text.USART1_IRQHandler
                0x08000b4c       0x14 ./Core/Src/stm32f1xx_it.o
                0x08000b4c                USART1_IRQHandler
 .text.USART3_IRQHandler
                0x08000b60       0x14 ./Core/Src/stm32f1xx_it.o
                0x08000b60                USART3_IRQHandler
 .text.SystemInit
                0x08000b74        0xc ./Core/Src/system_stm32f1xx.o
                0x08000b74                SystemInit
 .text.Reset_Handler
                0x08000b80       0x48 ./Core/Startup/startup_stm32f103rctx.o
                0x08000b80                Reset_Handler
 .text.Default_Handler
                0x08000bc8        0x2 ./Core/Startup/startup_stm32f103rctx.o
                0x08000bc8                RTC_Alarm_IRQHandler
                0x08000bc8                EXTI2_IRQHandler
                0x08000bc8                TIM8_TRG_COM_IRQHandler
                0x08000bc8                TIM8_CC_IRQHandler
                0x08000bc8                TIM1_CC_IRQHandler
                0x08000bc8                TIM6_IRQHandler
                0x08000bc8                PVD_IRQHandler
                0x08000bc8                SDIO_IRQHandler
                0x08000bc8                EXTI3_IRQHandler
                0x08000bc8                EXTI0_IRQHandler
                0x08000bc8                I2C2_EV_IRQHandler
                0x08000bc8                ADC1_2_IRQHandler
                0x08000bc8                SPI1_IRQHandler
                0x08000bc8                TAMPER_IRQHandler
                0x08000bc8                TIM8_UP_IRQHandler
                0x08000bc8                DMA2_Channel2_IRQHandler
                0x08000bc8                DMA1_Channel4_IRQHandler
                0x08000bc8                RTC_IRQHandler
                0x08000bc8                DMA1_Channel7_IRQHandler
                0x08000bc8                CAN1_RX1_IRQHandler
                0x08000bc8                UART5_IRQHandler
                0x08000bc8                ADC3_IRQHandler
                0x08000bc8                DMA2_Channel1_IRQHandler
                0x08000bc8                I2C1_EV_IRQHandler
                0x08000bc8                DMA1_Channel6_IRQHandler
                0x08000bc8                UART4_IRQHandler
                0x08000bc8                TIM3_IRQHandler
                0x08000bc8                RCC_IRQHandler
                0x08000bc8                TIM1_TRG_COM_IRQHandler
                0x08000bc8                DMA1_Channel1_IRQHandler
                0x08000bc8                Default_Handler
                0x08000bc8                EXTI15_10_IRQHandler
                0x08000bc8                TIM7_IRQHandler
                0x08000bc8                TIM5_IRQHandler
                0x08000bc8                EXTI9_5_IRQHandler
                0x08000bc8                SPI2_IRQHandler
                0x08000bc8                DMA1_Channel5_IRQHandler
                0x08000bc8                EXTI4_IRQHandler
                0x08000bc8                USB_LP_CAN1_RX0_IRQHandler
                0x08000bc8                USB_HP_CAN1_TX_IRQHandler
                0x08000bc8                DMA1_Channel3_IRQHandler
                0x08000bc8                FSMC_IRQHandler
                0x08000bc8                TIM1_UP_IRQHandler
                0x08000bc8                WWDG_IRQHandler
                0x08000bc8                TIM2_IRQHandler
                0x08000bc8                TIM1_BRK_IRQHandler
                0x08000bc8                EXTI1_IRQHandler
                0x08000bc8                DMA2_Channel4_5_IRQHandler
                0x08000bc8                USART2_IRQHandler
                0x08000bc8                I2C2_ER_IRQHandler
                0x08000bc8                DMA1_Channel2_IRQHandler
                0x08000bc8                TIM8_BRK_IRQHandler
                0x08000bc8                CAN1_SCE_IRQHandler
                0x08000bc8                FLASH_IRQHandler
                0x08000bc8                SPI3_IRQHandler
                0x08000bc8                I2C1_ER_IRQHandler
                0x08000bc8                USBWakeUp_IRQHandler
                0x08000bc8                DMA2_Channel3_IRQHandler
 *fill*         0x08000bca        0x2 
 .text.HAL_Init
                0x08000bcc       0x2c ./Drivers/STM32F1xx_HAL_Driver/Src/stm32f1xx_hal.o
                0x08000bcc                HAL_Init
 .text.HAL_IncTick
                0x08000bf8       0x24 ./Drivers/STM32F1xx_HAL_Driver/Src/stm32f1xx_hal.o
                0x08000bf8                HAL_IncTick
 .text.HAL_GetTick
                0x08000c1c       0x14 ./Drivers/STM32F1xx_HAL_Driver/Src/stm32f1xx_hal.o
                0x08000c1c                HAL_GetTick
 .text.__NVIC_SetPriorityGrouping
                0x08000c30       0x48 ./Drivers/STM32F1xx_HAL_Driver/Src/stm32f1xx_hal_cortex.o
 .text.__NVIC_GetPriorityGrouping
                0x08000c78       0x1c ./Drivers/STM32F1xx_HAL_Driver/Src/stm32f1xx_hal_cortex.o
 .text.__NVIC_EnableIRQ
                0x08000c94       0x38 ./Drivers/STM32F1xx_HAL_Driver/Src/stm32f1xx_hal_cortex.o
 .text.__NVIC_SetPriority
                0x08000ccc       0x54 ./Drivers/STM32F1xx_HAL_Driver/Src/stm32f1xx_hal_cortex.o
 .text.NVIC_EncodePriority
                0x08000d20       0x64 ./Drivers/STM32F1xx_HAL_Driver/Src/stm32f1xx_hal_cortex.o
 .text.HAL_NVIC_SetPriorityGrouping
                0x08000d84       0x16 ./Drivers/STM32F1xx_HAL_Driver/Src/stm32f1xx_hal_cortex.o
                0x08000d84                HAL_NVIC_SetPriorityGrouping
 .text.HAL_NVIC_SetPriority
                0x08000d9a       0x38 ./Drivers/STM32F1xx_HAL_Driver/Src/stm32f1xx_hal_cortex.o
                0x08000d9a                HAL_NVIC_SetPriority
 .text.HAL_NVIC_EnableIRQ
                0x08000dd2       0x1c ./Drivers/STM32F1xx_HAL_Driver/Src/stm32f1xx_hal_cortex.o
                0x08000dd2                HAL_NVIC_EnableIRQ
 .text.HAL_DMA_Abort
                0x08000dee       0x76 ./Drivers/STM32F1xx_HAL_Driver/Src/stm32f1xx_hal_dma.o
                0x08000dee                HAL_DMA_Abort
 .text.HAL_DMA_Abort_IT
                0x08000e64      0x210 ./Drivers/STM32F1xx_HAL_Driver/Src/stm32f1xx_hal_dma.o
                0x08000e64                HAL_DMA_Abort_IT
 .text.HAL_GPIO_Init
                0x08001074      0x328 ./Drivers/STM32F1xx_HAL_Driver/Src/stm32f1xx_hal_gpio.o
                0x08001074                HAL_GPIO_Init
 .text.HAL_GPIO_ReadPin
                0x0800139c       0x2e ./Drivers/STM32F1xx_HAL_Driver/Src/stm32f1xx_hal_gpio.o
                0x0800139c                HAL_GPIO_ReadPin
 .text.HAL_GPIO_WritePin
                0x080013ca       0x30 ./Drivers/STM32F1xx_HAL_Driver/Src/stm32f1xx_hal_gpio.o
                0x080013ca                HAL_GPIO_WritePin
 *fill*         0x080013fa        0x2 
 .text.HAL_RCC_OscConfig
                0x080013fc      0x504 ./Drivers/STM32F1xx_HAL_Driver/Src/stm32f1xx_hal_rcc.o
                0x080013fc                HAL_RCC_OscConfig
 .text.HAL_RCC_ClockConfig
                0x08001900      0x1d4 ./Drivers/STM32F1xx_HAL_Driver/Src/stm32f1xx_hal_rcc.o
                0x08001900                HAL_RCC_ClockConfig
 .text.HAL_RCC_GetSysClockFreq
                0x08001ad4       0xa8 ./Drivers/STM32F1xx_HAL_Driver/Src/stm32f1xx_hal_rcc.o
                0x08001ad4                HAL_RCC_GetSysClockFreq
 .text.HAL_RCC_GetHCLKFreq
                0x08001b7c       0x14 ./Drivers/STM32F1xx_HAL_Driver/Src/stm32f1xx_hal_rcc.o
                0x08001b7c                HAL_RCC_GetHCLKFreq
 .text.HAL_RCC_GetPCLK1Freq
                0x08001b90       0x28 ./Drivers/STM32F1xx_HAL_Driver/Src/stm32f1xx_hal_rcc.o
                0x08001b90                HAL_RCC_GetPCLK1Freq
 .text.HAL_RCC_GetPCLK2Freq
                0x08001bb8       0x28 ./Drivers/STM32F1xx_HAL_Driver/Src/stm32f1xx_hal_rcc.o
                0x08001bb8                HAL_RCC_GetPCLK2Freq
 .text.HAL_RCC_GetClockConfig
                0x08001be0       0x60 ./Drivers/STM32F1xx_HAL_Driver/Src/stm32f1xx_hal_rcc.o
                0x08001be0                HAL_RCC_GetClockConfig
 .text.RCC_Delay
                0x08001c40       0x3c ./Drivers/STM32F1xx_HAL_Driver/Src/stm32f1xx_hal_rcc.o
 .text.HAL_TIM_Base_Init
                0x08001c7c       0x9e ./Drivers/STM32F1xx_HAL_Driver/Src/stm32f1xx_hal_tim.o
                0x08001c7c                HAL_TIM_Base_Init
 .text.HAL_TIM_Base_MspInit
                0x08001d1a       0x12 ./Drivers/STM32F1xx_HAL_Driver/Src/stm32f1xx_hal_tim.o
                0x08001d1a                HAL_TIM_Base_MspInit
 .text.HAL_TIM_Base_Start_IT
                0x08001d2c       0xc0 ./Drivers/STM32F1xx_HAL_Driver/Src/stm32f1xx_hal_tim.o
                0x08001d2c                HAL_TIM_Base_Start_IT
 .text.HAL_TIM_IRQHandler
                0x08001dec      0x210 ./Drivers/STM32F1xx_HAL_Driver/Src/stm32f1xx_hal_tim.o
                0x08001dec                HAL_TIM_IRQHandler
 .text.HAL_TIM_OC_DelayElapsedCallback
                0x08001ffc       0x12 ./Drivers/STM32F1xx_HAL_Driver/Src/stm32f1xx_hal_tim.o
                0x08001ffc                HAL_TIM_OC_DelayElapsedCallback
 .text.HAL_TIM_IC_CaptureCallback
                0x0800200e       0x12 ./Drivers/STM32F1xx_HAL_Driver/Src/stm32f1xx_hal_tim.o
                0x0800200e                HAL_TIM_IC_CaptureCallback
 .text.HAL_TIM_PWM_PulseFinishedCallback
                0x08002020       0x12 ./Drivers/STM32F1xx_HAL_Driver/Src/stm32f1xx_hal_tim.o
                0x08002020                HAL_TIM_PWM_PulseFinishedCallback
 .text.HAL_TIM_TriggerCallback
                0x08002032       0x12 ./Drivers/STM32F1xx_HAL_Driver/Src/stm32f1xx_hal_tim.o
                0x08002032                HAL_TIM_TriggerCallback
 .text.TIM_Base_SetConfig
                0x08002044       0xf4 ./Drivers/STM32F1xx_HAL_Driver/Src/stm32f1xx_hal_tim.o
                0x08002044                TIM_Base_SetConfig
 .text.HAL_TIMEx_CommutCallback
                0x08002138       0x12 ./Drivers/STM32F1xx_HAL_Driver/Src/stm32f1xx_hal_tim_ex.o
                0x08002138                HAL_TIMEx_CommutCallback
 .text.HAL_TIMEx_BreakCallback
                0x0800214a       0x12 ./Drivers/STM32F1xx_HAL_Driver/Src/stm32f1xx_hal_tim_ex.o
                0x0800214a                HAL_TIMEx_BreakCallback
 .text.HAL_UART_Init
                0x0800215c       0xa0 ./Drivers/STM32F1xx_HAL_Driver/Src/stm32f1xx_hal_uart.o
                0x0800215c                HAL_UART_Init
 .text.HAL_UART_Transmit_IT
                0x080021fc       0x6a ./Drivers/STM32F1xx_HAL_Driver/Src/stm32f1xx_hal_uart.o
                0x080021fc                HAL_UART_Transmit_IT
 .text.HAL_UART_Receive_IT
                0x08002266       0x4a ./Drivers/STM32F1xx_HAL_Driver/Src/stm32f1xx_hal_uart.o
                0x08002266                HAL_UART_Receive_IT
 .text.HAL_UART_AbortReceive_IT
                0x080022b0      0x164 ./Drivers/STM32F1xx_HAL_Driver/Src/stm32f1xx_hal_uart.o
                0x080022b0                HAL_UART_AbortReceive_IT
 .text.HAL_UART_IRQHandler
                0x08002414      0x524 ./Drivers/STM32F1xx_HAL_Driver/Src/stm32f1xx_hal_uart.o
                0x08002414                HAL_UART_IRQHandler
 .text.HAL_UART_ErrorCallback
                0x08002938       0x12 ./Drivers/STM32F1xx_HAL_Driver/Src/stm32f1xx_hal_uart.o
                0x08002938                HAL_UART_ErrorCallback
 .text.HAL_UART_AbortReceiveCpltCallback
                0x0800294a       0x12 ./Drivers/STM32F1xx_HAL_Driver/Src/stm32f1xx_hal_uart.o
                0x0800294a                HAL_UART_AbortReceiveCpltCallback
 .text.HAL_UARTEx_RxEventCallback
                0x0800295c       0x16 ./Drivers/STM32F1xx_HAL_Driver/Src/stm32f1xx_hal_uart.o
                0x0800295c                HAL_UARTEx_RxEventCallback
 .text.HAL_HalfDuplex_EnableTransmitter
                0x08002972       0x66 ./Drivers/STM32F1xx_HAL_Driver/Src/stm32f1xx_hal_uart.o
                0x08002972                HAL_HalfDuplex_EnableTransmitter
 .text.HAL_HalfDuplex_EnableReceiver
                0x080029d8       0x66 ./Drivers/STM32F1xx_HAL_Driver/Src/stm32f1xx_hal_uart.o
                0x080029d8                HAL_HalfDuplex_EnableReceiver
 .text.HAL_UART_GetState
                0x08002a3e       0x3a ./Drivers/STM32F1xx_HAL_Driver/Src/stm32f1xx_hal_uart.o
                0x08002a3e                HAL_UART_GetState
 .text.UART_Start_Receive_IT
                0x08002a78       0x72 ./Drivers/STM32F1xx_HAL_Driver/Src/stm32f1xx_hal_uart.o
                0x08002a78                UART_Start_Receive_IT
 .text.UART_EndRxTransfer
                0x08002aea       0xc4 ./Drivers/STM32F1xx_HAL_Driver/Src/stm32f1xx_hal_uart.o
 .text.UART_DMAAbortOnError
                0x08002bae       0x28 ./Drivers/STM32F1xx_HAL_Driver/Src/stm32f1xx_hal_uart.o
 .text.UART_DMARxOnlyAbortCallback
                0x08002bd6       0x30 ./Drivers/STM32F1xx_HAL_Driver/Src/stm32f1xx_hal_uart.o
 .text.UART_Transmit_IT
                0x08002c06       0x9e ./Drivers/STM32F1xx_HAL_Driver/Src/stm32f1xx_hal_uart.o
 .text.UART_EndTransmit_IT
                0x08002ca4       0x30 ./Drivers/STM32F1xx_HAL_Driver/Src/stm32f1xx_hal_uart.o
 .text.UART_Receive_IT
                0x08002cd4      0x17c ./Drivers/STM32F1xx_HAL_Driver/Src/stm32f1xx_hal_uart.o
 .text.UART_SetConfig
                0x08002e50      0x11c ./Drivers/STM32F1xx_HAL_Driver/Src/stm32f1xx_hal_uart.o
 .text.osKernelInitialize
                0x08002f6c       0x64 ./Middlewares/Third_Party/FreeRTOS/Source/CMSIS_RTOS_V2/cmsis_os2.o
                0x08002f6c                osKernelInitialize
 .text.osKernelStart
                0x08002fd0       0x68 ./Middlewares/Third_Party/FreeRTOS/Source/CMSIS_RTOS_V2/cmsis_os2.o
                0x08002fd0                osKernelStart
 .text.osThreadNew
                0x08003038      0x154 ./Middlewares/Third_Party/FreeRTOS/Source/CMSIS_RTOS_V2/cmsis_os2.o
                0x08003038                osThreadNew
 .text.osThreadGetId
                0x0800318c       0x4c ./Middlewares/Third_Party/FreeRTOS/Source/CMSIS_RTOS_V2/cmsis_os2.o
                0x0800318c                osThreadGetId
 .text.osDelay  0x080031d8       0x5c ./Middlewares/Third_Party/FreeRTOS/Source/CMSIS_RTOS_V2/cmsis_os2.o
                0x080031d8                osDelay
 .text.osSemaphoreNew
                0x08003234      0x138 ./Middlewares/Third_Party/FreeRTOS/Source/CMSIS_RTOS_V2/cmsis_os2.o
                0x08003234                osSemaphoreNew
 .text.osMessageQueueNew
                0x0800336c      0x10c ./Middlewares/Third_Party/FreeRTOS/Source/CMSIS_RTOS_V2/cmsis_os2.o
                0x0800336c                osMessageQueueNew
 .text.vApplicationGetIdleTaskMemory
                0x08003478       0x30 ./Middlewares/Third_Party/FreeRTOS/Source/CMSIS_RTOS_V2/cmsis_os2.o
                0x08003478                vApplicationGetIdleTaskMemory
 .text.vApplicationGetTimerTaskMemory
                0x080034a8       0x30 ./Middlewares/Third_Party/FreeRTOS/Source/CMSIS_RTOS_V2/cmsis_os2.o
                0x080034a8                vApplicationGetTimerTaskMemory
 .text.vListInitialise
                0x080034d8       0x3e ./Middlewares/Third_Party/FreeRTOS/Source/list.o
                0x080034d8                vListInitialise
 .text.vListInitialiseItem
                0x08003516       0x18 ./Middlewares/Third_Party/FreeRTOS/Source/list.o
                0x08003516                vListInitialiseItem
 .text.vListInsertEnd
                0x0800352e       0x46 ./Middlewares/Third_Party/FreeRTOS/Source/list.o
                0x0800352e                vListInsertEnd
 .text.vListInsert
                0x08003574       0x70 ./Middlewares/Third_Party/FreeRTOS/Source/list.o
                0x08003574                vListInsert
 .text.uxListRemove
                0x080035e4       0x52 ./Middlewares/Third_Party/FreeRTOS/Source/list.o
                0x080035e4                uxListRemove
 *fill*         0x08003636        0x2 
 .text.xQueueGenericReset
                0x08003638       0xd4 ./Middlewares/Third_Party/FreeRTOS/Source/queue.o
                0x08003638                xQueueGenericReset
 .text.xQueueGenericCreateStatic
                0x0800370c       0xf8 ./Middlewares/Third_Party/FreeRTOS/Source/queue.o
                0x0800370c                xQueueGenericCreateStatic
 .text.xQueueGenericCreate
                0x08003804       0x7e ./Middlewares/Third_Party/FreeRTOS/Source/queue.o
                0x08003804                xQueueGenericCreate
 .text.prvInitialiseNewQueue
                0x08003882       0x46 ./Middlewares/Third_Party/FreeRTOS/Source/queue.o
 .text.xQueueCreateCountingSemaphoreStatic
                0x080038c8       0x72 ./Middlewares/Third_Party/FreeRTOS/Source/queue.o
                0x080038c8                xQueueCreateCountingSemaphoreStatic
 .text.xQueueCreateCountingSemaphore
                0x0800393a       0x6a ./Middlewares/Third_Party/FreeRTOS/Source/queue.o
                0x0800393a                xQueueCreateCountingSemaphore
 .text.xQueueGenericSend
                0x080039a4      0x204 ./Middlewares/Third_Party/FreeRTOS/Source/queue.o
                0x080039a4                xQueueGenericSend
 .text.xQueueGenericSendFromISR
                0x08003ba8      0x136 ./Middlewares/Third_Party/FreeRTOS/Source/queue.o
                0x08003ba8                xQueueGenericSendFromISR
 *fill*         0x08003cde        0x2 
 .text.xQueueReceive
                0x08003ce0      0x1c4 ./Middlewares/Third_Party/FreeRTOS/Source/queue.o
                0x08003ce0                xQueueReceive
 .text.xQueueSemaphoreTake
                0x08003ea4      0x220 ./Middlewares/Third_Party/FreeRTOS/Source/queue.o
                0x08003ea4                xQueueSemaphoreTake
 .text.vQueueDelete
                0x080040c4       0x48 ./Middlewares/Third_Party/FreeRTOS/Source/queue.o
                0x080040c4                vQueueDelete
 .text.prvGetDisinheritPriorityAfterTimeout
                0x0800410c       0x2e ./Middlewares/Third_Party/FreeRTOS/Source/queue.o
 .text.prvCopyDataToQueue
                0x0800413a       0xd4 ./Middlewares/Third_Party/FreeRTOS/Source/queue.o
 .text.prvCopyDataFromQueue
                0x0800420e       0x4c ./Middlewares/Third_Party/FreeRTOS/Source/queue.o
 .text.prvUnlockQueue
                0x0800425a       0xa4 ./Middlewares/Third_Party/FreeRTOS/Source/queue.o
 .text.prvIsQueueEmpty
                0x080042fe       0x2c ./Middlewares/Third_Party/FreeRTOS/Source/queue.o
 .text.prvIsQueueFull
                0x0800432a       0x30 ./Middlewares/Third_Party/FreeRTOS/Source/queue.o
 *fill*         0x0800435a        0x2 
 .text.vQueueAddToRegistry
                0x0800435c       0x50 ./Middlewares/Third_Party/FreeRTOS/Source/queue.o
                0x0800435c                vQueueAddToRegistry
 .text.vQueueUnregisterQueue
                0x080043ac       0x54 ./Middlewares/Third_Party/FreeRTOS/Source/queue.o
                0x080043ac                vQueueUnregisterQueue
 .text.vQueueWaitForMessageRestricted
                0x08004400       0x68 ./Middlewares/Third_Party/FreeRTOS/Source/queue.o
                0x08004400                vQueueWaitForMessageRestricted
 .text.xTaskCreateStatic
                0x08004468       0xbe ./Middlewares/Third_Party/FreeRTOS/Source/tasks.o
                0x08004468                xTaskCreateStatic
 .text.xTaskCreate
                0x08004526       0x8a ./Middlewares/Third_Party/FreeRTOS/Source/tasks.o
                0x08004526                xTaskCreate
 .text.prvInitialiseNewTask
                0x080045b0      0x110 ./Middlewares/Third_Party/FreeRTOS/Source/tasks.o
 .text.prvAddNewTaskToReadyList
                0x080046c0       0xe0 ./Middlewares/Third_Party/FreeRTOS/Source/tasks.o
 .text.vTaskDelay
                0x080047a0       0x6c ./Middlewares/Third_Party/FreeRTOS/Source/tasks.o
                0x080047a0                vTaskDelay
 .text.vTaskStartScheduler
                0x0800480c       0xd0 ./Middlewares/Third_Party/FreeRTOS/Source/tasks.o
                0x0800480c                vTaskStartScheduler
 .text.vTaskSuspendAll
                0x080048dc       0x1c ./Middlewares/Third_Party/FreeRTOS/Source/tasks.o
                0x080048dc                vTaskSuspendAll
 .text.xTaskResumeAll
                0x080048f8      0x13c ./Middlewares/Third_Party/FreeRTOS/Source/tasks.o
                0x080048f8                xTaskResumeAll
 .text.xTaskGetTickCount
                0x08004a34       0x1c ./Middlewares/Third_Party/FreeRTOS/Source/tasks.o
                0x08004a34                xTaskGetTickCount
 .text.xTaskGetTickCountFromISR
                0x08004a50       0x24 ./Middlewares/Third_Party/FreeRTOS/Source/tasks.o
                0x08004a50                xTaskGetTickCountFromISR
 .text.xTaskIncrementTick
                0x08004a74      0x180 ./Middlewares/Third_Party/FreeRTOS/Source/tasks.o
                0x08004a74                xTaskIncrementTick
 .text.vTaskSwitchContext
                0x08004bf4       0xbc ./Middlewares/Third_Party/FreeRTOS/Source/tasks.o
                0x08004bf4                vTaskSwitchContext
 .text.vTaskPlaceOnEventList
                0x08004cb0       0x4c ./Middlewares/Third_Party/FreeRTOS/Source/tasks.o
                0x08004cb0                vTaskPlaceOnEventList
 .text.vTaskPlaceOnEventListRestricted
                0x08004cfc       0x58 ./Middlewares/Third_Party/FreeRTOS/Source/tasks.o
                0x08004cfc                vTaskPlaceOnEventListRestricted
 .text.xTaskRemoveFromEventList
                0x08004d54       0xc8 ./Middlewares/Third_Party/FreeRTOS/Source/tasks.o
                0x08004d54                xTaskRemoveFromEventList
 .text.vTaskInternalSetTimeOutState
                0x08004e1c       0x2c ./Middlewares/Third_Party/FreeRTOS/Source/tasks.o
                0x08004e1c                vTaskInternalSetTimeOutState
 .text.xTaskCheckForTimeOut
                0x08004e48       0xc8 ./Middlewares/Third_Party/FreeRTOS/Source/tasks.o
                0x08004e48                xTaskCheckForTimeOut
 .text.vTaskMissedYield
                0x08004f10       0x18 ./Middlewares/Third_Party/FreeRTOS/Source/tasks.o
                0x08004f10                vTaskMissedYield
 .text.prvIdleTask
                0x08004f28       0x30 ./Middlewares/Third_Party/FreeRTOS/Source/tasks.o
 .text.prvInitialiseTaskLists
                0x08004f58       0x80 ./Middlewares/Third_Party/FreeRTOS/Source/tasks.o
 .text.prvCheckTasksWaitingTermination
                0x08004fd8       0x5c ./Middlewares/Third_Party/FreeRTOS/Source/tasks.o
 .text.prvDeleteTCB
                0x08005034       0x60 ./Middlewares/Third_Party/FreeRTOS/Source/tasks.o
 .text.prvResetNextTaskUnblockTime
                0x08005094       0x48 ./Middlewares/Third_Party/FreeRTOS/Source/tasks.o
 .text.xTaskGetCurrentTaskHandle
                0x080050dc       0x1c ./Middlewares/Third_Party/FreeRTOS/Source/tasks.o
                0x080050dc                xTaskGetCurrentTaskHandle
 .text.xTaskGetSchedulerState
                0x080050f8       0x3c ./Middlewares/Third_Party/FreeRTOS/Source/tasks.o
                0x080050f8                xTaskGetSchedulerState
 .text.xTaskPriorityInherit
                0x08005134       0xdc ./Middlewares/Third_Party/FreeRTOS/Source/tasks.o
                0x08005134                xTaskPriorityInherit
 .text.xTaskPriorityDisinherit
                0x08005210       0xe0 ./Middlewares/Third_Party/FreeRTOS/Source/tasks.o
                0x08005210                xTaskPriorityDisinherit
 .text.vTaskPriorityDisinheritAfterTimeout
                0x080052f0      0x110 ./Middlewares/Third_Party/FreeRTOS/Source/tasks.o
                0x080052f0                vTaskPriorityDisinheritAfterTimeout
 .text.pvTaskIncrementMutexHeldCount
                0x08005400       0x28 ./Middlewares/Third_Party/FreeRTOS/Source/tasks.o
                0x08005400                pvTaskIncrementMutexHeldCount
 .text.ulTaskNotifyTake
                0x08005428       0x90 ./Middlewares/Third_Party/FreeRTOS/Source/tasks.o
                0x08005428                ulTaskNotifyTake
 .text.xTaskGenericNotify
                0x080054b8      0x14c ./Middlewares/Third_Party/FreeRTOS/Source/tasks.o
                0x080054b8                xTaskGenericNotify
 .text.xTaskGenericNotifyFromISR
                0x08005604      0x198 ./Middlewares/Third_Party/FreeRTOS/Source/tasks.o
                0x08005604                xTaskGenericNotifyFromISR
 .text.prvAddCurrentTaskToDelayedList
                0x0800579c       0xa8 ./Middlewares/Third_Party/FreeRTOS/Source/tasks.o
 .text.xTimerCreateTimerTask
                0x08005844       0x94 ./Middlewares/Third_Party/FreeRTOS/Source/timers.o
                0x08005844                xTimerCreateTimerTask
 .text.xTimerCreate
                0x080058d8       0x42 ./Middlewares/Third_Party/FreeRTOS/Source/timers.o
                0x080058d8                xTimerCreate
 .text.prvInitialiseNewTimer
                0x0800591a       0x66 ./Middlewares/Third_Party/FreeRTOS/Source/timers.o
 .text.xTimerGenericCommand
                0x08005980       0x9c ./Middlewares/Third_Party/FreeRTOS/Source/timers.o
                0x08005980                xTimerGenericCommand
 .text.prvProcessExpiredTimer
                0x08005a1c       0x84 ./Middlewares/Third_Party/FreeRTOS/Source/timers.o
 .text.prvTimerTask
                0x08005aa0       0x26 ./Middlewares/Third_Party/FreeRTOS/Source/timers.o
 *fill*         0x08005ac6        0x2 
 .text.prvProcessTimerOrBlockTask
                0x08005ac8       0x9c ./Middlewares/Third_Party/FreeRTOS/Source/timers.o
 .text.prvGetNextExpireTime
                0x08005b64       0x48 ./Middlewares/Third_Party/FreeRTOS/Source/timers.o
 .text.prvSampleTimeNow
                0x08005bac       0x40 ./Middlewares/Third_Party/FreeRTOS/Source/timers.o
 .text.prvInsertTimerInActiveList
                0x08005bec       0x84 ./Middlewares/Third_Party/FreeRTOS/Source/timers.o
 .text.prvProcessReceivedCommands
                0x08005c70      0x178 ./Middlewares/Third_Party/FreeRTOS/Source/timers.o
 .text.prvSwitchTimerLists
                0x08005de8       0xc4 ./Middlewares/Third_Party/FreeRTOS/Source/timers.o
 .text.prvCheckForValidListAndQueue
                0x08005eac       0x80 ./Middlewares/Third_Party/FreeRTOS/Source/timers.o
 .text.pxPortInitialiseStack
                0x08005f2c       0x58 ./Middlewares/Third_Party/FreeRTOS/Source/portable/GCC/ARM_CM3/port.o
                0x08005f2c                pxPortInitialiseStack
 .text.prvTaskExitError
                0x08005f84       0x58 ./Middlewares/Third_Party/FreeRTOS/Source/portable/GCC/ARM_CM3/port.o
 *fill*         0x08005fdc        0x4 
 .text.SVC_Handler
                0x08005fe0       0x28 ./Middlewares/Third_Party/FreeRTOS/Source/portable/GCC/ARM_CM3/port.o
                0x08005fe0                SVC_Handler
 .text.prvPortStartFirstTask
                0x08006008       0x20 ./Middlewares/Third_Party/FreeRTOS/Source/portable/GCC/ARM_CM3/port.o
 .text.xPortStartScheduler
                0x08006028       0xe4 ./Middlewares/Third_Party/FreeRTOS/Source/portable/GCC/ARM_CM3/port.o
                0x08006028                xPortStartScheduler
 .text.vPortEnterCritical
                0x0800610c       0x60 ./Middlewares/Third_Party/FreeRTOS/Source/portable/GCC/ARM_CM3/port.o
                0x0800610c                vPortEnterCritical
 .text.vPortExitCritical
                0x0800616c       0x54 ./Middlewares/Third_Party/FreeRTOS/Source/portable/GCC/ARM_CM3/port.o
                0x0800616c                vPortExitCritical
 .text.PendSV_Handler
                0x080061c0       0x48 ./Middlewares/Third_Party/FreeRTOS/Source/portable/GCC/ARM_CM3/port.o
                0x080061c0                PendSV_Handler
 .text.SysTick_Handler
                0x08006208       0x44 ./Middlewares/Third_Party/FreeRTOS/Source/portable/GCC/ARM_CM3/port.o
                0x08006208                SysTick_Handler
 .text.vPortSetupTimerInterrupt
                0x0800624c       0x44 ./Middlewares/Third_Party/FreeRTOS/Source/portable/GCC/ARM_CM3/port.o
                0x0800624c                vPortSetupTimerInterrupt
 .text.vPortValidateInterruptPriority
                0x08006290       0x80 ./Middlewares/Third_Party/FreeRTOS/Source/portable/GCC/ARM_CM3/port.o
                0x08006290                vPortValidateInterruptPriority
 .text.pvPortMalloc
                0x08006310      0x190 ./Middlewares/Third_Party/FreeRTOS/Source/portable/MemMang/heap_4.o
                0x08006310                pvPortMalloc
 .text.vPortFree
                0x080064a0       0xb8 ./Middlewares/Third_Party/FreeRTOS/Source/portable/MemMang/heap_4.o
                0x080064a0                vPortFree
 .text.prvHeapInit
                0x08006558       0xc4 ./Middlewares/Third_Party/FreeRTOS/Source/portable/MemMang/heap_4.o
 .text.prvInsertBlockIntoFreeList
                0x0800661c       0xb0 ./Middlewares/Third_Party/FreeRTOS/Source/portable/MemMang/heap_4.o
 .text.RingAdd  0x080066cc       0x8c ./Middlewares/Third_Party/MODBUS-LIB/Src/Modbus.o
                0x080066cc                RingAdd
 .text.RingGetAllBytes
                0x08006758       0x24 ./Middlewares/Third_Party/MODBUS-LIB/Src/Modbus.o
                0x08006758                RingGetAllBytes
 .text.RingGetNBytes
                0x0800677c       0xa8 ./Middlewares/Third_Party/MODBUS-LIB/Src/Modbus.o
                0x0800677c                RingGetNBytes
 .text.RingClear
                0x08006824       0x32 ./Middlewares/Third_Party/MODBUS-LIB/Src/Modbus.o
                0x08006824                RingClear
 *fill*         0x08006856        0x2 
 .text.ModbusInit
                0x08006858      0x150 ./Middlewares/Third_Party/MODBUS-LIB/Src/Modbus.o
                0x08006858                ModbusInit
 .text.ModbusStart
                0x080069a8      0x114 ./Middlewares/Third_Party/MODBUS-LIB/Src/Modbus.o
                0x080069a8                ModbusStart
 .text.vTimerCallbackT35
                0x08006abc       0x84 ./Middlewares/Third_Party/MODBUS-LIB/Src/Modbus.o
 .text.vTimerCallbackTimeout
                0x08006b40       0x5c ./Middlewares/Third_Party/MODBUS-LIB/Src/Modbus.o
 .text.StartTaskModbusSlave
                0x08006b9c      0x1d8 ./Middlewares/Third_Party/MODBUS-LIB/Src/Modbus.o
                0x08006b9c                StartTaskModbusSlave
 .text.ModbusQuery
                0x08006d74       0x44 ./Middlewares/Third_Party/MODBUS-LIB/Src/Modbus.o
                0x08006d74                ModbusQuery
 .text.SendQuery
                0x08006db8      0x2d8 ./Middlewares/Third_Party/MODBUS-LIB/Src/Modbus.o
 .text.StartTaskModbusMaster
                0x08007090      0x1dc ./Middlewares/Third_Party/MODBUS-LIB/Src/Modbus.o
                0x08007090                StartTaskModbusMaster
 .text.get_FC1  0x0800726c       0xae ./Middlewares/Third_Party/MODBUS-LIB/Src/Modbus.o
 .text.get_FC3  0x0800731a       0x5c ./Middlewares/Third_Party/MODBUS-LIB/Src/Modbus.o
 *fill*         0x08007376        0x2 
 .text.validateAnswer
                0x08007378       0xdc ./Middlewares/Third_Party/MODBUS-LIB/Src/Modbus.o
 .text.getRxBuffer
                0x08007454       0x92 ./Middlewares/Third_Party/MODBUS-LIB/Src/Modbus.o
 *fill*         0x080074e6        0x2 
 .text.validateRequest
                0x080074e8      0x294 ./Middlewares/Third_Party/MODBUS-LIB/Src/Modbus.o
 .text.word     0x0800777c       0x24 ./Middlewares/Third_Party/MODBUS-LIB/Src/Modbus.o
 .text.calcCRC  0x080077a0       0x8c ./Middlewares/Third_Party/MODBUS-LIB/Src/Modbus.o
                0x080077a0                calcCRC
 .text.buildException
                0x0800782c       0x3c ./Middlewares/Third_Party/MODBUS-LIB/Src/Modbus.o
 .text.sendTxBuffer
                0x08007868      0x148 ./Middlewares/Third_Party/MODBUS-LIB/Src/Modbus.o
 .text.process_FC1
                0x080079b0      0x16a ./Middlewares/Third_Party/MODBUS-LIB/Src/Modbus.o
 .text.process_FC3
                0x08007b1a       0xd6 ./Middlewares/Third_Party/MODBUS-LIB/Src/Modbus.o
 .text.process_FC5
                0x08007bf0       0xb2 ./Middlewares/Third_Party/MODBUS-LIB/Src/Modbus.o
 .text.process_FC6
                0x08007ca2       0x64 ./Middlewares/Third_Party/MODBUS-LIB/Src/Modbus.o
 .text.process_FC15
                0x08007d06      0x11c ./Middlewares/Third_Party/MODBUS-LIB/Src/Modbus.o
 .text.process_FC16
                0x08007e22       0xac ./Middlewares/Third_Party/MODBUS-LIB/Src/Modbus.o
 *fill*         0x08007ece        0x2 
 .text.HAL_UART_TxCpltCallback
                0x08007ed0       0x7c ./Middlewares/Third_Party/MODBUS-LIB/Src/UARTCallback.o
                0x08007ed0                HAL_UART_TxCpltCallback
 .text.HAL_UART_RxCpltCallback
                0x08007f4c       0xd4 ./Middlewares/Third_Party/MODBUS-LIB/Src/UARTCallback.o
                0x08007f4c                HAL_UART_RxCpltCallback
 .text.memset   0x08008020       0x10 C:/ST/STM32CubeIDE_1.15.1/STM32CubeIDE/plugins/com.st.stm32cube.ide.mcu.externaltools.gnu-tools-for-stm32.12.3.rel1.win32_1.0.100.202403111256/tools/bin/../lib/gcc/arm-none-eabi/12.3.1/../../../../arm-none-eabi/lib/thumb/v7-m/nofp\libc_nano.a(libc_a-memset.o)
                0x08008020                memset
 .text.__libc_init_array
                0x08008030       0x48 C:/ST/STM32CubeIDE_1.15.1/STM32CubeIDE/plugins/com.st.stm32cube.ide.mcu.externaltools.gnu-tools-for-stm32.12.3.rel1.win32_1.0.100.202403111256/tools/bin/../lib/gcc/arm-none-eabi/12.3.1/../../../../arm-none-eabi/lib/thumb/v7-m/nofp\libc_nano.a(libc_a-init.o)
                0x08008030                __libc_init_array
 .text.memcpy   0x08008078       0x1c C:/ST/STM32CubeIDE_1.15.1/STM32CubeIDE/plugins/com.st.stm32cube.ide.mcu.externaltools.gnu-tools-for-stm32.12.3.rel1.win32_1.0.100.202403111256/tools/bin/../lib/gcc/arm-none-eabi/12.3.1/../../../../arm-none-eabi/lib/thumb/v7-m/nofp\libc_nano.a(libc_a-memcpy-stub.o)
                0x08008078                memcpy
 *(.glue_7)
 .glue_7        0x08008094        0x0 linker stubs
 *(.glue_7t)
 .glue_7t       0x08008094        0x0 linker stubs
 *(.eh_frame)
 .eh_frame      0x08008094        0x0 C:/ST/STM32CubeIDE_1.15.1/STM32CubeIDE/plugins/com.st.stm32cube.ide.mcu.externaltools.gnu-tools-for-stm32.12.3.rel1.win32_1.0.100.202403111256/tools/bin/../lib/gcc/arm-none-eabi/12.3.1/thumb/v7-m/nofp/crtbegin.o
 *(.init)
 .init          0x08008094        0x4 C:/ST/STM32CubeIDE_1.15.1/STM32CubeIDE/plugins/com.st.stm32cube.ide.mcu.externaltools.gnu-tools-for-stm32.12.3.rel1.win32_1.0.100.202403111256/tools/bin/../lib/gcc/arm-none-eabi/12.3.1/thumb/v7-m/nofp/crti.o
                0x08008094                _init
 .init          0x08008098        0x8 C:/ST/STM32CubeIDE_1.15.1/STM32CubeIDE/plugins/com.st.stm32cube.ide.mcu.externaltools.gnu-tools-for-stm32.12.3.rel1.win32_1.0.100.202403111256/tools/bin/../lib/gcc/arm-none-eabi/12.3.1/thumb/v7-m/nofp/crtn.o
 *(.fini)
 .fini          0x080080a0        0x4 C:/ST/STM32CubeIDE_1.15.1/STM32CubeIDE/plugins/com.st.stm32cube.ide.mcu.externaltools.gnu-tools-for-stm32.12.3.rel1.win32_1.0.100.202403111256/tools/bin/../lib/gcc/arm-none-eabi/12.3.1/thumb/v7-m/nofp/crti.o
                0x080080a0                _fini
 .fini          0x080080a4        0x8 C:/ST/STM32CubeIDE_1.15.1/STM32CubeIDE/plugins/com.st.stm32cube.ide.mcu.externaltools.gnu-tools-for-stm32.12.3.rel1.win32_1.0.100.202403111256/tools/bin/../lib/gcc/arm-none-eabi/12.3.1/thumb/v7-m/nofp/crtn.o
                0x080080ac                        . = ALIGN (0x4)
                0x080080ac                        _etext = .

.vfp11_veneer   0x080080ac        0x0
 .vfp11_veneer  0x080080ac        0x0 linker stubs

.v4_bx          0x080080ac        0x0
 .v4_bx         0x080080ac        0x0 linker stubs

.iplt           0x080080ac        0x0
 .iplt          0x080080ac        0x0 C:/ST/STM32CubeIDE_1.15.1/STM32CubeIDE/plugins/com.st.stm32cube.ide.mcu.externaltools.gnu-tools-for-stm32.12.3.rel1.win32_1.0.100.202403111256/tools/bin/../lib/gcc/arm-none-eabi/12.3.1/thumb/v7-m/nofp/crtbegin.o

.rodata         0x080080ac      0x1ac
                0x080080ac                        . = ALIGN (0x4)
 *(.rodata)
 .rodata        0x080080ac       0x22 ./Core/Src/main.o
 *fill*         0x080080ce        0x2 
 .rodata        0x080080d0        0x5 ./Middlewares/Third_Party/FreeRTOS/Source/tasks.o
 *fill*         0x080080d5        0x3 
 .rodata        0x080080d8        0xd ./Middlewares/Third_Party/FreeRTOS/Source/timers.o
 *fill*         0x080080e5        0x3 
 .rodata        0x080080e8       0x5d ./Middlewares/Third_Party/MODBUS-LIB/Src/Modbus.o
 *(.rodata*)
 *fill*         0x08008145        0x3 
 .rodata.defaultTask_attributes
                0x08008148       0x24 ./Core/Src/main.o
                0x08008148                defaultTask_attributes
 .rodata.readvolt_attributes
                0x0800816c       0x24 ./Core/Src/main.o
                0x0800816c                readvolt_attributes
 .rodata.readinput_attributes
                0x08008190       0x24 ./Core/Src/main.o
                0x08008190                readinput_attributes
 .rodata.AHBPrescTable
                0x080081b4       0x10 ./Core/Src/system_stm32f1xx.o
                0x080081b4                AHBPrescTable
 .rodata.APBPrescTable
                0x080081c4        0x8 ./Core/Src/system_stm32f1xx.o
                0x080081c4                APBPrescTable
 .rodata.aPLLMULFactorTable.1
                0x080081cc       0x10 ./Drivers/STM32F1xx_HAL_Driver/Src/stm32f1xx_hal_rcc.o
 .rodata.aPredivFactorTable.0
                0x080081dc        0x2 ./Drivers/STM32F1xx_HAL_Driver/Src/stm32f1xx_hal_rcc.o
 *fill*         0x080081de        0x2 
 .rodata.QueueTelegram_attributes
                0x080081e0       0x18 ./Middlewares/Third_Party/MODBUS-LIB/Src/Modbus.o
                0x080081e0                QueueTelegram_attributes
 .rodata.myTaskModbusA_attributes
                0x080081f8       0x24 ./Middlewares/Third_Party/MODBUS-LIB/Src/Modbus.o
                0x080081f8                myTaskModbusA_attributes
 .rodata.myTaskModbusB_attributes
                0x0800821c       0x24 ./Middlewares/Third_Party/MODBUS-LIB/Src/Modbus.o
                0x0800821c                myTaskModbusB_attributes
 .rodata.ModBusSphr_attributes
                0x08008240       0x10 ./Middlewares/Third_Party/MODBUS-LIB/Src/Modbus.o
                0x08008240                ModBusSphr_attributes
 .rodata.fctsupported
                0x08008250        0x8 ./Middlewares/Third_Party/MODBUS-LIB/Src/Modbus.o
                0x08008250                fctsupported
                0x08008258                        . = ALIGN (0x4)

.ARM.extab      0x08008258        0x0
                0x08008258                        . = ALIGN (0x4)
 *(.ARM.extab* .gnu.linkonce.armextab.*)
                0x08008258                        . = ALIGN (0x4)

.ARM            0x08008258        0x0
                0x08008258                        . = ALIGN (0x4)
                0x08008258                        __exidx_start = .
 *(.ARM.exidx*)
                0x08008258                        __exidx_end = .
                0x08008258                        . = ALIGN (0x4)

.preinit_array  0x08008258        0x0
                0x08008258                        . = ALIGN (0x4)
                0x08008258                        PROVIDE (__preinit_array_start = .)
 *(.preinit_array*)
                0x08008258                        PROVIDE (__preinit_array_end = .)
                0x08008258                        . = ALIGN (0x4)

.init_array     0x08008258        0x4
                0x08008258                        . = ALIGN (0x4)
                0x08008258                        PROVIDE (__init_array_start = .)
 *(SORT_BY_NAME(.init_array.*))
 *(.init_array*)
 .init_array    0x08008258        0x4 C:/ST/STM32CubeIDE_1.15.1/STM32CubeIDE/plugins/com.st.stm32cube.ide.mcu.externaltools.gnu-tools-for-stm32.12.3.rel1.win32_1.0.100.202403111256/tools/bin/../lib/gcc/arm-none-eabi/12.3.1/thumb/v7-m/nofp/crtbegin.o
                0x0800825c                        PROVIDE (__init_array_end = .)
                0x0800825c                        . = ALIGN (0x4)

.fini_array     0x0800825c        0x4
                0x0800825c                        . = ALIGN (0x4)
                [!provide]                        PROVIDE (__fini_array_start = .)
 *(SORT_BY_NAME(.fini_array.*))
 *(.fini_array*)
 .fini_array    0x0800825c        0x4 C:/ST/STM32CubeIDE_1.15.1/STM32CubeIDE/plugins/com.st.stm32cube.ide.mcu.externaltools.gnu-tools-for-stm32.12.3.rel1.win32_1.0.100.202403111256/tools/bin/../lib/gcc/arm-none-eabi/12.3.1/thumb/v7-m/nofp/crtbegin.o
                [!provide]                        PROVIDE (__fini_array_end = .)
                0x08008260                        . = ALIGN (0x4)
                0x08008260                        _sidata = LOADADDR (.data)

.rel.dyn        0x08008260        0x0
 .rel.iplt      0x08008260        0x0 C:/ST/STM32CubeIDE_1.15.1/STM32CubeIDE/plugins/com.st.stm32cube.ide.mcu.externaltools.gnu-tools-for-stm32.12.3.rel1.win32_1.0.100.202403111256/tools/bin/../lib/gcc/arm-none-eabi/12.3.1/thumb/v7-m/nofp/crtbegin.o

.data           0x20000000       0x14 load address 0x08008260
                0x20000000                        . = ALIGN (0x4)
                0x20000000                        _sdata = .
 *(.data)
 *(.data*)
 .data.status_led
                0x20000000        0x1 ./Core/Src/main.o
                0x20000000                status_led
 *fill*         0x20000001        0x3 
 .data.SystemCoreClock
                0x20000004        0x4 ./Core/Src/system_stm32f1xx.o
                0x20000004                SystemCoreClock
 .data.uwTickPrio
                0x20000008        0x4 ./Drivers/STM32F1xx_HAL_Driver/Src/stm32f1xx_hal.o
                0x20000008                uwTickPrio
 .data.uwTickFreq
                0x2000000c        0x1 ./Drivers/STM32F1xx_HAL_Driver/Src/stm32f1xx_hal.o
                0x2000000c                uwTickFreq
 *fill*         0x2000000d        0x3 
 .data.uxCriticalNesting
                0x20000010        0x4 ./Middlewares/Third_Party/FreeRTOS/Source/portable/GCC/ARM_CM3/port.o
 *(.RamFunc)
 *(.RamFunc*)
                0x20000014                        . = ALIGN (0x4)
                0x20000014                        _edata = .

.igot.plt       0x20000014        0x0 load address 0x08008274
 .igot.plt      0x20000014        0x0 C:/ST/STM32CubeIDE_1.15.1/STM32CubeIDE/plugins/com.st.stm32cube.ide.mcu.externaltools.gnu-tools-for-stm32.12.3.rel1.win32_1.0.100.202403111256/tools/bin/../lib/gcc/arm-none-eabi/12.3.1/thumb/v7-m/nofp/crtbegin.o
                0x20000014                        . = ALIGN (0x4)

.bss            0x20000014     0x191c load address 0x08008274
                0x20000014                        _sbss = .
                0x20000014                        __bss_start__ = _sbss
 *(.bss)
 .bss           0x20000014       0x1c C:/ST/STM32CubeIDE_1.15.1/STM32CubeIDE/plugins/com.st.stm32cube.ide.mcu.externaltools.gnu-tools-for-stm32.12.3.rel1.win32_1.0.100.202403111256/tools/bin/../lib/gcc/arm-none-eabi/12.3.1/thumb/v7-m/nofp/crtbegin.o
 *(.bss*)
 .bss.status    0x20000030        0x1 ./Core/Src/main.o
                0x20000030                status
 *fill*         0x20000031        0x3 
 .bss.telegram  0x20000034       0x10 ./Core/Src/main.o
                0x20000034                telegram
 .bss.huart1    0x20000044       0x48 ./Core/Src/main.o
                0x20000044                huart1
 .bss.huart3    0x2000008c       0x48 ./Core/Src/main.o
                0x2000008c                huart3
 .bss.defaultTaskHandle
                0x200000d4        0x4 ./Core/Src/main.o
                0x200000d4                defaultTaskHandle
 .bss.readvoltHandle
                0x200000d8        0x4 ./Core/Src/main.o
                0x200000d8                readvoltHandle
 .bss.readinputHandle
                0x200000dc        0x4 ./Core/Src/main.o
                0x200000dc                readinputHandle
 .bss.ModbusH   0x200000e0      0x148 ./Core/Src/main.o
                0x200000e0                ModbusH
 .bss.ModbusDATA
                0x20000228       0x10 ./Core/Src/main.o
                0x20000228                ModbusDATA
 .bss.ModbusH2  0x20000238      0x148 ./Core/Src/main.o
                0x20000238                ModbusH2
 .bss.ModbusDATA2
                0x20000380       0x10 ./Core/Src/main.o
                0x20000380                ModbusDATA2
 .bss.htim4     0x20000390       0x48 ./Core/Src/stm32f1xx_hal_timebase_tim.o
                0x20000390                htim4
 .bss.uwTick    0x200003d8        0x4 ./Drivers/STM32F1xx_HAL_Driver/Src/stm32f1xx_hal.o
                0x200003d8                uwTick
 .bss.KernelState
                0x200003dc        0x4 ./Middlewares/Third_Party/FreeRTOS/Source/CMSIS_RTOS_V2/cmsis_os2.o
 .bss.Idle_TCB  0x200003e0       0x5c ./Middlewares/Third_Party/FreeRTOS/Source/CMSIS_RTOS_V2/cmsis_os2.o
 .bss.Idle_Stack
                0x2000043c      0x100 ./Middlewares/Third_Party/FreeRTOS/Source/CMSIS_RTOS_V2/cmsis_os2.o
 .bss.Timer_TCB
                0x2000053c       0x5c ./Middlewares/Third_Party/FreeRTOS/Source/CMSIS_RTOS_V2/cmsis_os2.o
 .bss.Timer_Stack
                0x20000598      0x100 ./Middlewares/Third_Party/FreeRTOS/Source/CMSIS_RTOS_V2/cmsis_os2.o
 .bss.xQueueRegistry
                0x20000698       0x40 ./Middlewares/Third_Party/FreeRTOS/Source/queue.o
                0x20000698                xQueueRegistry
 .bss.pxCurrentTCB
                0x200006d8        0x4 ./Middlewares/Third_Party/FreeRTOS/Source/tasks.o
                0x200006d8                pxCurrentTCB
 .bss.pxReadyTasksLists
                0x200006dc      0x460 ./Middlewares/Third_Party/FreeRTOS/Source/tasks.o
 .bss.xDelayedTaskList1
                0x20000b3c       0x14 ./Middlewares/Third_Party/FreeRTOS/Source/tasks.o
 .bss.xDelayedTaskList2
                0x20000b50       0x14 ./Middlewares/Third_Party/FreeRTOS/Source/tasks.o
 .bss.pxDelayedTaskList
                0x20000b64        0x4 ./Middlewares/Third_Party/FreeRTOS/Source/tasks.o
 .bss.pxOverflowDelayedTaskList
                0x20000b68        0x4 ./Middlewares/Third_Party/FreeRTOS/Source/tasks.o
 .bss.xPendingReadyList
                0x20000b6c       0x14 ./Middlewares/Third_Party/FreeRTOS/Source/tasks.o
 .bss.xTasksWaitingTermination
                0x20000b80       0x14 ./Middlewares/Third_Party/FreeRTOS/Source/tasks.o
 .bss.uxDeletedTasksWaitingCleanUp
                0x20000b94        0x4 ./Middlewares/Third_Party/FreeRTOS/Source/tasks.o
 .bss.xSuspendedTaskList
                0x20000b98       0x14 ./Middlewares/Third_Party/FreeRTOS/Source/tasks.o
 .bss.uxCurrentNumberOfTasks
                0x20000bac        0x4 ./Middlewares/Third_Party/FreeRTOS/Source/tasks.o
 .bss.xTickCount
                0x20000bb0        0x4 ./Middlewares/Third_Party/FreeRTOS/Source/tasks.o
 .bss.uxTopReadyPriority
                0x20000bb4        0x4 ./Middlewares/Third_Party/FreeRTOS/Source/tasks.o
 .bss.xSchedulerRunning
                0x20000bb8        0x4 ./Middlewares/Third_Party/FreeRTOS/Source/tasks.o
 .bss.uxPendedTicks
                0x20000bbc        0x4 ./Middlewares/Third_Party/FreeRTOS/Source/tasks.o
 .bss.xYieldPending
                0x20000bc0        0x4 ./Middlewares/Third_Party/FreeRTOS/Source/tasks.o
 .bss.xNumOfOverflows
                0x20000bc4        0x4 ./Middlewares/Third_Party/FreeRTOS/Source/tasks.o
 .bss.uxTaskNumber
                0x20000bc8        0x4 ./Middlewares/Third_Party/FreeRTOS/Source/tasks.o
 .bss.xNextTaskUnblockTime
                0x20000bcc        0x4 ./Middlewares/Third_Party/FreeRTOS/Source/tasks.o
 .bss.xIdleTaskHandle
                0x20000bd0        0x4 ./Middlewares/Third_Party/FreeRTOS/Source/tasks.o
 .bss.uxSchedulerSuspended
                0x20000bd4        0x4 ./Middlewares/Third_Party/FreeRTOS/Source/tasks.o
 .bss.xActiveTimerList1
                0x20000bd8       0x14 ./Middlewares/Third_Party/FreeRTOS/Source/timers.o
 .bss.xActiveTimerList2
                0x20000bec       0x14 ./Middlewares/Third_Party/FreeRTOS/Source/timers.o
 .bss.pxCurrentTimerList
                0x20000c00        0x4 ./Middlewares/Third_Party/FreeRTOS/Source/timers.o
 .bss.pxOverflowTimerList
                0x20000c04        0x4 ./Middlewares/Third_Party/FreeRTOS/Source/timers.o
 .bss.xTimerQueue
                0x20000c08        0x4 ./Middlewares/Third_Party/FreeRTOS/Source/timers.o
 .bss.xTimerTaskHandle
                0x20000c0c        0x4 ./Middlewares/Third_Party/FreeRTOS/Source/timers.o
 .bss.xLastTime.2
                0x20000c10        0x4 ./Middlewares/Third_Party/FreeRTOS/Source/timers.o
 .bss.ucStaticTimerQueueStorage.1
                0x20000c14       0xa0 ./Middlewares/Third_Party/FreeRTOS/Source/timers.o
 .bss.xStaticTimerQueue.0
                0x20000cb4       0x50 ./Middlewares/Third_Party/FreeRTOS/Source/timers.o
 .bss.ucMaxSysCallPriority
                0x20000d04        0x1 ./Middlewares/Third_Party/FreeRTOS/Source/portable/GCC/ARM_CM3/port.o
 *fill*         0x20000d05        0x3 
 .bss.ulMaxPRIGROUPValue
                0x20000d08        0x4 ./Middlewares/Third_Party/FreeRTOS/Source/portable/GCC/ARM_CM3/port.o
 .bss.ucHeap    0x20000d0c      0xc00 ./Middlewares/Third_Party/FreeRTOS/Source/portable/MemMang/heap_4.o
 .bss.xStart    0x2000190c        0x8 ./Middlewares/Third_Party/FreeRTOS/Source/portable/MemMang/heap_4.o
 .bss.pxEnd     0x20001914        0x4 ./Middlewares/Third_Party/FreeRTOS/Source/portable/MemMang/heap_4.o
 .bss.xFreeBytesRemaining
                0x20001918        0x4 ./Middlewares/Third_Party/FreeRTOS/Source/portable/MemMang/heap_4.o
 .bss.xMinimumEverFreeBytesRemaining
                0x2000191c        0x4 ./Middlewares/Third_Party/FreeRTOS/Source/portable/MemMang/heap_4.o
 .bss.xBlockAllocatedBit
                0x20001920        0x4 ./Middlewares/Third_Party/FreeRTOS/Source/portable/MemMang/heap_4.o
 .bss.mHandlers
                0x20001924        0x8 ./Middlewares/Third_Party/MODBUS-LIB/Src/Modbus.o
                0x20001924                mHandlers
 .bss.numberHandlers
                0x2000192c        0x1 ./Middlewares/Third_Party/MODBUS-LIB/Src/Modbus.o
                0x2000192c                numberHandlers
 *(COMMON)
                0x20001930                        . = ALIGN (0x4)
 *fill*         0x2000192d        0x3 
                0x20001930                        _ebss = .
                0x20001930                        __bss_end__ = _ebss

._user_heap_stack
                0x20001930      0x600 load address 0x08008274
                0x20001930                        . = ALIGN (0x8)
                [!provide]                        PROVIDE (end = .)
                0x20001930                        PROVIDE (_end = .)
                0x20001b30                        . = (. + _Min_Heap_Size)
 *fill*         0x20001930      0x200 
                0x20001f30                        . = (. + _Min_Stack_Size)
 *fill*         0x20001b30      0x400 
                0x20001f30                        . = ALIGN (0x8)

/DISCARD/
 libc.a(*)
 libm.a(*)
 libgcc.a(*)

.ARM.attributes
                0x00000000       0x29
 *(.ARM.attributes)
 .ARM.attributes
                0x00000000       0x1d C:/ST/STM32CubeIDE_1.15.1/STM32CubeIDE/plugins/com.st.stm32cube.ide.mcu.externaltools.gnu-tools-for-stm32.12.3.rel1.win32_1.0.100.202403111256/tools/bin/../lib/gcc/arm-none-eabi/12.3.1/thumb/v7-m/nofp/crti.o
 .ARM.attributes
                0x0000001d       0x2d C:/ST/STM32CubeIDE_1.15.1/STM32CubeIDE/plugins/com.st.stm32cube.ide.mcu.externaltools.gnu-tools-for-stm32.12.3.rel1.win32_1.0.100.202403111256/tools/bin/../lib/gcc/arm-none-eabi/12.3.1/thumb/v7-m/nofp/crtbegin.o
 .ARM.attributes
                0x0000004a       0x2d ./Core/Src/main.o
 .ARM.attributes
                0x00000077       0x2d ./Core/Src/stm32f1xx_hal_msp.o
 .ARM.attributes
                0x000000a4       0x2d ./Core/Src/stm32f1xx_hal_timebase_tim.o
 .ARM.attributes
                0x000000d1       0x2d ./Core/Src/stm32f1xx_it.o
 .ARM.attributes
                0x000000fe       0x2d ./Core/Src/system_stm32f1xx.o
 .ARM.attributes
                0x0000012b       0x21 ./Core/Startup/startup_stm32f103rctx.o
 .ARM.attributes
                0x0000014c       0x2d ./Drivers/STM32F1xx_HAL_Driver/Src/stm32f1xx_hal.o
 .ARM.attributes
                0x00000179       0x2d ./Drivers/STM32F1xx_HAL_Driver/Src/stm32f1xx_hal_cortex.o
 .ARM.attributes
                0x000001a6       0x2d ./Drivers/STM32F1xx_HAL_Driver/Src/stm32f1xx_hal_dma.o
 .ARM.attributes
                0x000001d3       0x2d ./Drivers/STM32F1xx_HAL_Driver/Src/stm32f1xx_hal_gpio.o
 .ARM.attributes
                0x00000200       0x2d ./Drivers/STM32F1xx_HAL_Driver/Src/stm32f1xx_hal_rcc.o
 .ARM.attributes
                0x0000022d       0x2d ./Drivers/STM32F1xx_HAL_Driver/Src/stm32f1xx_hal_tim.o
 .ARM.attributes
                0x0000025a       0x2d ./Drivers/STM32F1xx_HAL_Driver/Src/stm32f1xx_hal_tim_ex.o
 .ARM.attributes
                0x00000287       0x2d ./Drivers/STM32F1xx_HAL_Driver/Src/stm32f1xx_hal_uart.o
 .ARM.attributes
                0x000002b4       0x2d ./Middlewares/Third_Party/FreeRTOS/Source/CMSIS_RTOS_V2/cmsis_os2.o
 .ARM.attributes
                0x000002e1       0x2d ./Middlewares/Third_Party/FreeRTOS/Source/list.o
 .ARM.attributes
                0x0000030e       0x2d ./Middlewares/Third_Party/FreeRTOS/Source/queue.o
 .ARM.attributes
                0x0000033b       0x2d ./Middlewares/Third_Party/FreeRTOS/Source/tasks.o
 .ARM.attributes
                0x00000368       0x2d ./Middlewares/Third_Party/FreeRTOS/Source/timers.o
 .ARM.attributes
                0x00000395       0x2d ./Middlewares/Third_Party/FreeRTOS/Source/portable/GCC/ARM_CM3/port.o
 .ARM.attributes
                0x000003c2       0x2d ./Middlewares/Third_Party/FreeRTOS/Source/portable/MemMang/heap_4.o
 .ARM.attributes
                0x000003ef       0x2d ./Middlewares/Third_Party/MODBUS-LIB/Src/Modbus.o
 .ARM.attributes
                0x0000041c       0x2d ./Middlewares/Third_Party/MODBUS-LIB/Src/UARTCallback.o
 .ARM.attributes
                0x00000449       0x2d C:/ST/STM32CubeIDE_1.15.1/STM32CubeIDE/plugins/com.st.stm32cube.ide.mcu.externaltools.gnu-tools-for-stm32.12.3.rel1.win32_1.0.100.202403111256/tools/bin/../lib/gcc/arm-none-eabi/12.3.1/../../../../arm-none-eabi/lib/thumb/v7-m/nofp\libc_nano.a(libc_a-memset.o)
 .ARM.attributes
                0x00000476       0x2d C:/ST/STM32CubeIDE_1.15.1/STM32CubeIDE/plugins/com.st.stm32cube.ide.mcu.externaltools.gnu-tools-for-stm32.12.3.rel1.win32_1.0.100.202403111256/tools/bin/../lib/gcc/arm-none-eabi/12.3.1/../../../../arm-none-eabi/lib/thumb/v7-m/nofp\libc_nano.a(libc_a-init.o)
 .ARM.attributes
                0x000004a3       0x2d C:/ST/STM32CubeIDE_1.15.1/STM32CubeIDE/plugins/com.st.stm32cube.ide.mcu.externaltools.gnu-tools-for-stm32.12.3.rel1.win32_1.0.100.202403111256/tools/bin/../lib/gcc/arm-none-eabi/12.3.1/../../../../arm-none-eabi/lib/thumb/v7-m/nofp\libc_nano.a(libc_a-memcpy-stub.o)
 .ARM.attributes
                0x000004d0       0x1d C:/ST/STM32CubeIDE_1.15.1/STM32CubeIDE/plugins/com.st.stm32cube.ide.mcu.externaltools.gnu-tools-for-stm32.12.3.rel1.win32_1.0.100.202403111256/tools/bin/../lib/gcc/arm-none-eabi/12.3.1/thumb/v7-m/nofp/crtn.o
OUTPUT(STM32-readvolt.elf elf32-littlearm)
LOAD linker stubs
LOAD C:/ST/STM32CubeIDE_1.15.1/STM32CubeIDE/plugins/com.st.stm32cube.ide.mcu.externaltools.gnu-tools-for-stm32.12.3.rel1.win32_1.0.100.202403111256/tools/bin/../lib/gcc/arm-none-eabi/12.3.1/../../../../arm-none-eabi/lib/thumb/v7-m/nofp\libc.a
LOAD C:/ST/STM32CubeIDE_1.15.1/STM32CubeIDE/plugins/com.st.stm32cube.ide.mcu.externaltools.gnu-tools-for-stm32.12.3.rel1.win32_1.0.100.202403111256/tools/bin/../lib/gcc/arm-none-eabi/12.3.1/../../../../arm-none-eabi/lib/thumb/v7-m/nofp\libm.a
LOAD C:/ST/STM32CubeIDE_1.15.1/STM32CubeIDE/plugins/com.st.stm32cube.ide.mcu.externaltools.gnu-tools-for-stm32.12.3.rel1.win32_1.0.100.202403111256/tools/bin/../lib/gcc/arm-none-eabi/12.3.1/thumb/v7-m/nofp\libgcc.a

.debug_info     0x00000000    0x18499
 .debug_info    0x00000000     0x16c8 ./Core/Src/main.o
 .debug_info    0x000016c8      0xa35 ./Core/Src/stm32f1xx_hal_msp.o
 .debug_info    0x000020fd      0xa0e ./Core/Src/stm32f1xx_hal_timebase_tim.o
 .debug_info    0x00002b0b      0x93c ./Core/Src/stm32f1xx_it.o
 .debug_info    0x00003447      0x222 ./Core/Src/system_stm32f1xx.o
 .debug_info    0x00003669       0x30 ./Core/Startup/startup_stm32f103rctx.o
 .debug_info    0x00003699      0x76a ./Drivers/STM32F1xx_HAL_Driver/Src/stm32f1xx_hal.o
 .debug_info    0x00003e03      0xaed ./Drivers/STM32F1xx_HAL_Driver/Src/stm32f1xx_hal_cortex.o
 .debug_info    0x000048f0      0x6d2 ./Drivers/STM32F1xx_HAL_Driver/Src/stm32f1xx_hal_dma.o
 .debug_info    0x00004fc2      0x5ab ./Drivers/STM32F1xx_HAL_Driver/Src/stm32f1xx_hal_gpio.o
 .debug_info    0x0000556d      0x7d5 ./Drivers/STM32F1xx_HAL_Driver/Src/stm32f1xx_hal_rcc.o
 .debug_info    0x00005d42     0x293b ./Drivers/STM32F1xx_HAL_Driver/Src/stm32f1xx_hal_tim.o
 .debug_info    0x0000867d     0x149b ./Drivers/STM32F1xx_HAL_Driver/Src/stm32f1xx_hal_tim_ex.o
 .debug_info    0x00009b18     0x2fa8 ./Drivers/STM32F1xx_HAL_Driver/Src/stm32f1xx_hal_uart.o
 .debug_info    0x0000cac0     0x39af ./Middlewares/Third_Party/FreeRTOS/Source/CMSIS_RTOS_V2/cmsis_os2.o
 .debug_info    0x0001046f      0x2aa ./Middlewares/Third_Party/FreeRTOS/Source/list.o
 .debug_info    0x00010719     0x1abf ./Middlewares/Third_Party/FreeRTOS/Source/queue.o
 .debug_info    0x000121d8     0x20e5 ./Middlewares/Third_Party/FreeRTOS/Source/tasks.o
 .debug_info    0x000142bd     0x13b5 ./Middlewares/Third_Party/FreeRTOS/Source/timers.o
 .debug_info    0x00015672      0x494 ./Middlewares/Third_Party/FreeRTOS/Source/portable/GCC/ARM_CM3/port.o
 .debug_info    0x00015b06      0x3c3 ./Middlewares/Third_Party/FreeRTOS/Source/portable/MemMang/heap_4.o
 .debug_info    0x00015ec9     0x1b5f ./Middlewares/Third_Party/MODBUS-LIB/Src/Modbus.o
 .debug_info    0x00017a28      0xa71 ./Middlewares/Third_Party/MODBUS-LIB/Src/UARTCallback.o

.debug_abbrev   0x00000000     0x379c
 .debug_abbrev  0x00000000      0x35d ./Core/Src/main.o
 .debug_abbrev  0x0000035d      0x1ca ./Core/Src/stm32f1xx_hal_msp.o
 .debug_abbrev  0x00000527      0x1f3 ./Core/Src/stm32f1xx_hal_timebase_tim.o
 .debug_abbrev  0x0000071a      0x188 ./Core/Src/stm32f1xx_it.o
 .debug_abbrev  0x000008a2      0x13f ./Core/Src/system_stm32f1xx.o
 .debug_abbrev  0x000009e1       0x24 ./Core/Startup/startup_stm32f103rctx.o
 .debug_abbrev  0x00000a05      0x201 ./Drivers/STM32F1xx_HAL_Driver/Src/stm32f1xx_hal.o
 .debug_abbrev  0x00000c06      0x2f8 ./Drivers/STM32F1xx_HAL_Driver/Src/stm32f1xx_hal_cortex.o
 .debug_abbrev  0x00000efe      0x20b ./Drivers/STM32F1xx_HAL_Driver/Src/stm32f1xx_hal_dma.o
 .debug_abbrev  0x00001109      0x1ca ./Drivers/STM32F1xx_HAL_Driver/Src/stm32f1xx_hal_gpio.o
 .debug_abbrev  0x000012d3      0x2b3 ./Drivers/STM32F1xx_HAL_Driver/Src/stm32f1xx_hal_rcc.o
 .debug_abbrev  0x00001586      0x277 ./Drivers/STM32F1xx_HAL_Driver/Src/stm32f1xx_hal_tim.o
 .debug_abbrev  0x000017fd      0x282 ./Drivers/STM32F1xx_HAL_Driver/Src/stm32f1xx_hal_tim_ex.o
 .debug_abbrev  0x00001a7f      0x2f8 ./Drivers/STM32F1xx_HAL_Driver/Src/stm32f1xx_hal_uart.o
 .debug_abbrev  0x00001d77      0x433 ./Middlewares/Third_Party/FreeRTOS/Source/CMSIS_RTOS_V2/cmsis_os2.o
 .debug_abbrev  0x000021aa       0xf5 ./Middlewares/Third_Party/FreeRTOS/Source/list.o
 .debug_abbrev  0x0000229f      0x3ce ./Middlewares/Third_Party/FreeRTOS/Source/queue.o
 .debug_abbrev  0x0000266d      0x385 ./Middlewares/Third_Party/FreeRTOS/Source/tasks.o
 .debug_abbrev  0x000029f2      0x348 ./Middlewares/Third_Party/FreeRTOS/Source/timers.o
 .debug_abbrev  0x00002d3a      0x258 ./Middlewares/Third_Party/FreeRTOS/Source/portable/GCC/ARM_CM3/port.o
 .debug_abbrev  0x00002f92      0x205 ./Middlewares/Third_Party/FreeRTOS/Source/portable/MemMang/heap_4.o
 .debug_abbrev  0x00003197      0x3de ./Middlewares/Third_Party/MODBUS-LIB/Src/Modbus.o
 .debug_abbrev  0x00003575      0x227 ./Middlewares/Third_Party/MODBUS-LIB/Src/UARTCallback.o

.debug_aranges  0x00000000     0x14a0
 .debug_aranges
                0x00000000       0x80 ./Core/Src/main.o
 .debug_aranges
                0x00000080       0x30 ./Core/Src/stm32f1xx_hal_msp.o
 .debug_aranges
                0x000000b0       0x30 ./Core/Src/stm32f1xx_hal_timebase_tim.o
 .debug_aranges
                0x000000e0       0x60 ./Core/Src/stm32f1xx_it.o
 .debug_aranges
                0x00000140       0x28 ./Core/Src/system_stm32f1xx.o
 .debug_aranges
                0x00000168       0x28 ./Core/Startup/startup_stm32f103rctx.o
 .debug_aranges
                0x00000190       0xe0 ./Drivers/STM32F1xx_HAL_Driver/Src/stm32f1xx_hal.o
 .debug_aranges
                0x00000270      0x100 ./Drivers/STM32F1xx_HAL_Driver/Src/stm32f1xx_hal_cortex.o
 .debug_aranges
                0x00000370       0x80 ./Drivers/STM32F1xx_HAL_Driver/Src/stm32f1xx_hal_dma.o
 .debug_aranges
                0x000003f0       0x58 ./Drivers/STM32F1xx_HAL_Driver/Src/stm32f1xx_hal_gpio.o
 .debug_aranges
                0x00000448       0x90 ./Drivers/STM32F1xx_HAL_Driver/Src/stm32f1xx_hal_rcc.o
 .debug_aranges
                0x000004d8      0x3d0 ./Drivers/STM32F1xx_HAL_Driver/Src/stm32f1xx_hal_tim.o
 .debug_aranges
                0x000008a8      0x168 ./Drivers/STM32F1xx_HAL_Driver/Src/stm32f1xx_hal_tim_ex.o
 .debug_aranges
                0x00000a10      0x208 ./Drivers/STM32F1xx_HAL_Driver/Src/stm32f1xx_hal_uart.o
 .debug_aranges
                0x00000c18      0x228 ./Middlewares/Third_Party/FreeRTOS/Source/CMSIS_RTOS_V2/cmsis_os2.o
 .debug_aranges
                0x00000e40       0x40 ./Middlewares/Third_Party/FreeRTOS/Source/list.o
 .debug_aranges
                0x00000e80      0x158 ./Middlewares/Third_Party/FreeRTOS/Source/queue.o
 .debug_aranges
                0x00000fd8      0x1f8 ./Middlewares/Third_Party/FreeRTOS/Source/tasks.o
 .debug_aranges
                0x000011d0       0xe0 ./Middlewares/Third_Party/FreeRTOS/Source/timers.o
 .debug_aranges
                0x000012b0       0x78 ./Middlewares/Third_Party/FreeRTOS/Source/portable/GCC/ARM_CM3/port.o
 .debug_aranges
                0x00001328       0x50 ./Middlewares/Third_Party/FreeRTOS/Source/portable/MemMang/heap_4.o
 .debug_aranges
                0x00001378      0x100 ./Middlewares/Third_Party/MODBUS-LIB/Src/Modbus.o
 .debug_aranges
                0x00001478       0x28 ./Middlewares/Third_Party/MODBUS-LIB/Src/UARTCallback.o

.debug_rnglists
                0x00000000     0x1020
 .debug_rnglists
                0x00000000       0x61 ./Core/Src/main.o
 .debug_rnglists
                0x00000061       0x20 ./Core/Src/stm32f1xx_hal_msp.o
 .debug_rnglists
                0x00000081       0x20 ./Core/Src/stm32f1xx_hal_timebase_tim.o
 .debug_rnglists
                0x000000a1       0x43 ./Core/Src/stm32f1xx_it.o
 .debug_rnglists
                0x000000e4       0x1a ./Core/Src/system_stm32f1xx.o
 .debug_rnglists
                0x000000fe       0x19 ./Core/Startup/startup_stm32f103rctx.o
 .debug_rnglists
                0x00000117       0xa3 ./Drivers/STM32F1xx_HAL_Driver/Src/stm32f1xx_hal.o
 .debug_rnglists
                0x000001ba       0xbb ./Drivers/STM32F1xx_HAL_Driver/Src/stm32f1xx_hal_cortex.o
 .debug_rnglists
                0x00000275       0x64 ./Drivers/STM32F1xx_HAL_Driver/Src/stm32f1xx_hal_dma.o
 .debug_rnglists
                0x000002d9       0x3f ./Drivers/STM32F1xx_HAL_Driver/Src/stm32f1xx_hal_gpio.o
 .debug_rnglists
                0x00000318       0x6c ./Drivers/STM32F1xx_HAL_Driver/Src/stm32f1xx_hal_rcc.o
 .debug_rnglists
                0x00000384      0x31a ./Drivers/STM32F1xx_HAL_Driver/Src/stm32f1xx_hal_tim.o
 .debug_rnglists
                0x0000069e      0x125 ./Drivers/STM32F1xx_HAL_Driver/Src/stm32f1xx_hal_tim_ex.o
 .debug_rnglists
                0x000007c3      0x1bc ./Drivers/STM32F1xx_HAL_Driver/Src/stm32f1xx_hal_uart.o
 .debug_rnglists
                0x0000097f      0x1b4 ./Middlewares/Third_Party/FreeRTOS/Source/CMSIS_RTOS_V2/cmsis_os2.o
 .debug_rnglists
                0x00000b33       0x2b ./Middlewares/Third_Party/FreeRTOS/Source/list.o
 .debug_rnglists
                0x00000b5e      0x109 ./Middlewares/Third_Party/FreeRTOS/Source/queue.o
 .debug_rnglists
                0x00000c67      0x194 ./Middlewares/Third_Party/FreeRTOS/Source/tasks.o
 .debug_rnglists
                0x00000dfb       0xab ./Middlewares/Third_Party/FreeRTOS/Source/timers.o
 .debug_rnglists
                0x00000ea6       0x57 ./Middlewares/Third_Party/FreeRTOS/Source/portable/GCC/ARM_CM3/port.o
 .debug_rnglists
                0x00000efd       0x3b ./Middlewares/Third_Party/FreeRTOS/Source/portable/MemMang/heap_4.o
 .debug_rnglists
                0x00000f38       0xce ./Middlewares/Third_Party/MODBUS-LIB/Src/Modbus.o
 .debug_rnglists
                0x00001006       0x1a ./Middlewares/Third_Party/MODBUS-LIB/Src/UARTCallback.o

.debug_macro    0x00000000     0x2f4e
 .debug_macro   0x00000000      0x2c6 ./Core/Src/main.o
 .debug_macro   0x000002c6      0x122 ./Core/Src/main.o
 .debug_macro   0x000003e8      0x2c6 ./Core/Src/stm32f1xx_hal_msp.o
 .debug_macro   0x000006ae      0x1a3 ./Core/Src/stm32f1xx_hal_timebase_tim.o
 .debug_macro   0x00000851      0x2d0 ./Core/Src/stm32f1xx_it.o
 .debug_macro   0x00000b21      0x1a3 ./Core/Src/system_stm32f1xx.o
 .debug_macro   0x00000cc4      0x1c7 ./Drivers/STM32F1xx_HAL_Driver/Src/stm32f1xx_hal.o
 .debug_macro   0x00000e8b      0x1a3 ./Drivers/STM32F1xx_HAL_Driver/Src/stm32f1xx_hal_cortex.o
 .debug_macro   0x0000102e      0x1a3 ./Drivers/STM32F1xx_HAL_Driver/Src/stm32f1xx_hal_dma.o
 .debug_macro   0x000011d1      0x20e ./Drivers/STM32F1xx_HAL_Driver/Src/stm32f1xx_hal_gpio.o
 .debug_macro   0x000013df      0x1b5 ./Drivers/STM32F1xx_HAL_Driver/Src/stm32f1xx_hal_rcc.o
 .debug_macro   0x00001594      0x1a4 ./Drivers/STM32F1xx_HAL_Driver/Src/stm32f1xx_hal_tim.o
 .debug_macro   0x00001738      0x1a3 ./Drivers/STM32F1xx_HAL_Driver/Src/stm32f1xx_hal_tim_ex.o
 .debug_macro   0x000018db      0x1a4 ./Drivers/STM32F1xx_HAL_Driver/Src/stm32f1xx_hal_uart.o
 .debug_macro   0x00001a7f      0x247 ./Middlewares/Third_Party/FreeRTOS/Source/CMSIS_RTOS_V2/cmsis_os2.o
 .debug_macro   0x00001cc6       0x10 ./Middlewares/Third_Party/FreeRTOS/Source/CMSIS_RTOS_V2/cmsis_os2.o
 .debug_macro   0x00001cd6       0x20 ./Middlewares/Third_Party/FreeRTOS/Source/CMSIS_RTOS_V2/cmsis_os2.o
 .debug_macro   0x00001cf6       0x10 ./Middlewares/Third_Party/FreeRTOS/Source/CMSIS_RTOS_V2/cmsis_os2.o
 .debug_macro   0x00001d06       0xb7 ./Middlewares/Third_Party/FreeRTOS/Source/CMSIS_RTOS_V2/cmsis_os2.o
 .debug_macro   0x00001dbd       0x9a ./Middlewares/Third_Party/FreeRTOS/Source/CMSIS_RTOS_V2/cmsis_os2.o
 .debug_macro   0x00001e57      0x187 ./Middlewares/Third_Party/FreeRTOS/Source/list.o
 .debug_macro   0x00001fde      0x212 ./Middlewares/Third_Party/FreeRTOS/Source/queue.o
 .debug_macro   0x000021f0       0x16 ./Middlewares/Third_Party/FreeRTOS/Source/queue.o
 .debug_macro   0x00002206      0x287 ./Middlewares/Third_Party/FreeRTOS/Source/tasks.o
 .debug_macro   0x0000248d       0x10 ./Middlewares/Third_Party/FreeRTOS/Source/tasks.o
 .debug_macro   0x0000249d      0x1ca ./Middlewares/Third_Party/FreeRTOS/Source/timers.o
 .debug_macro   0x00002667      0x172 ./Middlewares/Third_Party/FreeRTOS/Source/portable/GCC/ARM_CM3/port.o
 .debug_macro   0x000027d9      0x1ae ./Middlewares/Third_Party/FreeRTOS/Source/portable/MemMang/heap_4.o
 .debug_macro   0x00002987      0x302 ./Middlewares/Third_Party/MODBUS-LIB/Src/Modbus.o
 .debug_macro   0x00002c89      0x2c5 ./Middlewares/Third_Party/MODBUS-LIB/Src/UARTCallback.o

.debug_line     0x00000000    0x18e9c
 .debug_line    0x00000000      0xceb ./Core/Src/main.o
 .debug_line    0x00000ceb      0xa7b ./Core/Src/stm32f1xx_hal_msp.o
 .debug_line    0x00001766      0x781 ./Core/Src/stm32f1xx_hal_timebase_tim.o
 .debug_line    0x00001ee7      0xab5 ./Core/Src/stm32f1xx_it.o
 .debug_line    0x0000299c      0x783 ./Core/Src/system_stm32f1xx.o
 .debug_line    0x0000311f       0x79 ./Core/Startup/startup_stm32f103rctx.o
 .debug_line    0x00003198      0x9b0 ./Drivers/STM32F1xx_HAL_Driver/Src/stm32f1xx_hal.o
 .debug_line    0x00003b48      0xb9c ./Drivers/STM32F1xx_HAL_Driver/Src/stm32f1xx_hal_cortex.o
 .debug_line    0x000046e4     0x12db ./Drivers/STM32F1xx_HAL_Driver/Src/stm32f1xx_hal_dma.o
 .debug_line    0x000059bf      0xa71 ./Drivers/STM32F1xx_HAL_Driver/Src/stm32f1xx_hal_gpio.o
 .debug_line    0x00006430      0xdb9 ./Drivers/STM32F1xx_HAL_Driver/Src/stm32f1xx_hal_rcc.o
 .debug_line    0x000071e9     0x36da ./Drivers/STM32F1xx_HAL_Driver/Src/stm32f1xx_hal_tim.o
 .debug_line    0x0000a8c3     0x1975 ./Drivers/STM32F1xx_HAL_Driver/Src/stm32f1xx_hal_tim_ex.o
 .debug_line    0x0000c238     0x28f9 ./Drivers/STM32F1xx_HAL_Driver/Src/stm32f1xx_hal_uart.o
 .debug_line    0x0000eb31     0x24d0 ./Middlewares/Third_Party/FreeRTOS/Source/CMSIS_RTOS_V2/cmsis_os2.o
 .debug_line    0x00011001      0x795 ./Middlewares/Third_Party/FreeRTOS/Source/list.o
 .debug_line    0x00011796     0x1758 ./Middlewares/Third_Party/FreeRTOS/Source/queue.o
 .debug_line    0x00012eee     0x1dcd ./Middlewares/Third_Party/FreeRTOS/Source/tasks.o
 .debug_line    0x00014cbb      0xd32 ./Middlewares/Third_Party/FreeRTOS/Source/timers.o
 .debug_line    0x000159ed      0x7de ./Middlewares/Third_Party/FreeRTOS/Source/portable/GCC/ARM_CM3/port.o
 .debug_line    0x000161cb      0x95a ./Middlewares/Third_Party/FreeRTOS/Source/portable/MemMang/heap_4.o
 .debug_line    0x00016b25     0x18c1 ./Middlewares/Third_Party/MODBUS-LIB/Src/Modbus.o
 .debug_line    0x000183e6      0xab6 ./Middlewares/Third_Party/MODBUS-LIB/Src/UARTCallback.o

.debug_str      0x00000000    0xa3a10
 .debug_str     0x00000000    0x993ec ./Core/Src/main.o
                              0x9994a (size before relaxing)
 .debug_str     0x000993ec      0x3d6 ./Core/Src/stm32f1xx_hal_msp.o
                              0x98d71 (size before relaxing)
 .debug_str     0x000997c2      0x107 ./Core/Src/stm32f1xx_hal_timebase_tim.o
                              0x9236b (size before relaxing)
 .debug_str     0x000998c9       0xed ./Core/Src/stm32f1xx_it.o
                              0x98c25 (size before relaxing)
 .debug_str     0x000999b6       0x7e ./Core/Src/system_stm32f1xx.o
                              0x919bf (size before relaxing)
 .debug_str     0x00099a34       0x44 ./Core/Startup/startup_stm32f103rctx.o
                                 0x85 (size before relaxing)
 .debug_str     0x00099a78      0x34a ./Drivers/STM32F1xx_HAL_Driver/Src/stm32f1xx_hal.o
                              0x921d6 (size before relaxing)
 .debug_str     0x00099dc2      0x28b ./Drivers/STM32F1xx_HAL_Driver/Src/stm32f1xx_hal_cortex.o
                              0x92122 (size before relaxing)
 .debug_str     0x0009a04d      0x235 ./Drivers/STM32F1xx_HAL_Driver/Src/stm32f1xx_hal_dma.o
                              0x91d68 (size before relaxing)
 .debug_str     0x0009a282      0x2d0 ./Drivers/STM32F1xx_HAL_Driver/Src/stm32f1xx_hal_gpio.o
                              0x91d45 (size before relaxing)
 .debug_str     0x0009a552      0x1f3 ./Drivers/STM32F1xx_HAL_Driver/Src/stm32f1xx_hal_rcc.o
                              0x91dee (size before relaxing)
 .debug_str     0x0009a745      0xe3c ./Drivers/STM32F1xx_HAL_Driver/Src/stm32f1xx_hal_tim.o
                              0x92de0 (size before relaxing)
 .debug_str     0x0009b581      0x503 ./Drivers/STM32F1xx_HAL_Driver/Src/stm32f1xx_hal_tim_ex.o
                              0x925fc (size before relaxing)
 .debug_str     0x0009ba84      0x5fc ./Drivers/STM32F1xx_HAL_Driver/Src/stm32f1xx_hal_uart.o
                              0x9245f (size before relaxing)
 .debug_str     0x0009c080     0x4ad5 ./Middlewares/Third_Party/FreeRTOS/Source/CMSIS_RTOS_V2/cmsis_os2.o
                               0xe5b0 (size before relaxing)
 .debug_str     0x000a0b55      0x20b ./Middlewares/Third_Party/FreeRTOS/Source/list.o
                               0xa69d (size before relaxing)
 .debug_str     0x000a0d60      0x863 ./Middlewares/Third_Party/FreeRTOS/Source/queue.o
                               0xc097 (size before relaxing)
 .debug_str     0x000a15c3     0x1097 ./Middlewares/Third_Party/FreeRTOS/Source/tasks.o
                               0xcbfb (size before relaxing)
 .debug_str     0x000a265a      0x515 ./Middlewares/Third_Party/FreeRTOS/Source/timers.o
                               0xc56c (size before relaxing)
 .debug_str     0x000a2b6f      0x66e ./Middlewares/Third_Party/FreeRTOS/Source/portable/GCC/ARM_CM3/port.o
                               0x8112 (size before relaxing)
 .debug_str     0x000a31dd      0x23a ./Middlewares/Third_Party/FreeRTOS/Source/portable/MemMang/heap_4.o
                               0xadea (size before relaxing)
 .debug_str     0x000a3417      0x59d ./Middlewares/Third_Party/MODBUS-LIB/Src/Modbus.o
                              0x9a36e (size before relaxing)
 .debug_str     0x000a39b4       0x5c ./Middlewares/Third_Party/MODBUS-LIB/Src/UARTCallback.o
                              0x98d12 (size before relaxing)

.comment        0x00000000       0x43
 .comment       0x00000000       0x43 ./Core/Src/main.o
                                 0x44 (size before relaxing)
 .comment       0x00000043       0x44 ./Core/Src/stm32f1xx_hal_msp.o
 .comment       0x00000043       0x44 ./Core/Src/stm32f1xx_hal_timebase_tim.o
 .comment       0x00000043       0x44 ./Core/Src/stm32f1xx_it.o
 .comment       0x00000043       0x44 ./Core/Src/system_stm32f1xx.o
 .comment       0x00000043       0x44 ./Drivers/STM32F1xx_HAL_Driver/Src/stm32f1xx_hal.o
 .comment       0x00000043       0x44 ./Drivers/STM32F1xx_HAL_Driver/Src/stm32f1xx_hal_cortex.o
 .comment       0x00000043       0x44 ./Drivers/STM32F1xx_HAL_Driver/Src/stm32f1xx_hal_dma.o
 .comment       0x00000043       0x44 ./Drivers/STM32F1xx_HAL_Driver/Src/stm32f1xx_hal_gpio.o
 .comment       0x00000043       0x44 ./Drivers/STM32F1xx_HAL_Driver/Src/stm32f1xx_hal_rcc.o
 .comment       0x00000043       0x44 ./Drivers/STM32F1xx_HAL_Driver/Src/stm32f1xx_hal_tim.o
 .comment       0x00000043       0x44 ./Drivers/STM32F1xx_HAL_Driver/Src/stm32f1xx_hal_tim_ex.o
 .comment       0x00000043       0x44 ./Drivers/STM32F1xx_HAL_Driver/Src/stm32f1xx_hal_uart.o
 .comment       0x00000043       0x44 ./Middlewares/Third_Party/FreeRTOS/Source/CMSIS_RTOS_V2/cmsis_os2.o
 .comment       0x00000043       0x44 ./Middlewares/Third_Party/FreeRTOS/Source/list.o
 .comment       0x00000043       0x44 ./Middlewares/Third_Party/FreeRTOS/Source/queue.o
 .comment       0x00000043       0x44 ./Middlewares/Third_Party/FreeRTOS/Source/tasks.o
 .comment       0x00000043       0x44 ./Middlewares/Third_Party/FreeRTOS/Source/timers.o
 .comment       0x00000043       0x44 ./Middlewares/Third_Party/FreeRTOS/Source/portable/GCC/ARM_CM3/port.o
 .comment       0x00000043       0x44 ./Middlewares/Third_Party/FreeRTOS/Source/portable/MemMang/heap_4.o
 .comment       0x00000043       0x44 ./Middlewares/Third_Party/MODBUS-LIB/Src/Modbus.o
 .comment       0x00000043       0x44 ./Middlewares/Third_Party/MODBUS-LIB/Src/UARTCallback.o

.debug_frame    0x00000000     0x5668
 .debug_frame   0x00000000      0x1a4 ./Core/Src/main.o
 .debug_frame   0x000001a4       0x7c ./Core/Src/stm32f1xx_hal_msp.o
 .debug_frame   0x00000220       0x74 ./Core/Src/stm32f1xx_hal_timebase_tim.o
 .debug_frame   0x00000294       0xfc ./Core/Src/stm32f1xx_it.o
 .debug_frame   0x00000390       0x58 ./Core/Src/system_stm32f1xx.o
 .debug_frame   0x000003e8      0x334 ./Drivers/STM32F1xx_HAL_Driver/Src/stm32f1xx_hal.o
 .debug_frame   0x0000071c      0x428 ./Drivers/STM32F1xx_HAL_Driver/Src/stm32f1xx_hal_cortex.o
 .debug_frame   0x00000b44      0x20c ./Drivers/STM32F1xx_HAL_Driver/Src/stm32f1xx_hal_dma.o
 .debug_frame   0x00000d50      0x14c ./Drivers/STM32F1xx_HAL_Driver/Src/stm32f1xx_hal_gpio.o
 .debug_frame   0x00000e9c      0x218 ./Drivers/STM32F1xx_HAL_Driver/Src/stm32f1xx_hal_rcc.o
 .debug_frame   0x000010b4     0x11bc ./Drivers/STM32F1xx_HAL_Driver/Src/stm32f1xx_hal_tim.o
 .debug_frame   0x00002270      0x638 ./Drivers/STM32F1xx_HAL_Driver/Src/stm32f1xx_hal_tim_ex.o
 .debug_frame   0x000028a8      0x944 ./Drivers/STM32F1xx_HAL_Driver/Src/stm32f1xx_hal_uart.o
 .debug_frame   0x000031ec      0x980 ./Middlewares/Third_Party/FreeRTOS/Source/CMSIS_RTOS_V2/cmsis_os2.o
 .debug_frame   0x00003b6c       0xd8 ./Middlewares/Third_Party/FreeRTOS/Source/list.o
 .debug_frame   0x00003c44      0x5ec ./Middlewares/Third_Party/FreeRTOS/Source/queue.o
 .debug_frame   0x00004230      0x8a8 ./Middlewares/Third_Party/FreeRTOS/Source/tasks.o
 .debug_frame   0x00004ad8      0x3b4 ./Middlewares/Third_Party/FreeRTOS/Source/timers.o
 .debug_frame   0x00004e8c      0x198 ./Middlewares/Third_Party/FreeRTOS/Source/portable/GCC/ARM_CM3/port.o
 .debug_frame   0x00005024      0x108 ./Middlewares/Third_Party/FreeRTOS/Source/portable/MemMang/heap_4.o
 .debug_frame   0x0000512c      0x46c ./Middlewares/Third_Party/MODBUS-LIB/Src/Modbus.o
 .debug_frame   0x00005598       0x5c ./Middlewares/Third_Party/MODBUS-LIB/Src/UARTCallback.o
 .debug_frame   0x000055f4       0x20 C:/ST/STM32CubeIDE_1.15.1/STM32CubeIDE/plugins/com.st.stm32cube.ide.mcu.externaltools.gnu-tools-for-stm32.12.3.rel1.win32_1.0.100.202403111256/tools/bin/../lib/gcc/arm-none-eabi/12.3.1/../../../../arm-none-eabi/lib/thumb/v7-m/nofp\libc_nano.a(libc_a-memset.o)
 .debug_frame   0x00005614       0x2c C:/ST/STM32CubeIDE_1.15.1/STM32CubeIDE/plugins/com.st.stm32cube.ide.mcu.externaltools.gnu-tools-for-stm32.12.3.rel1.win32_1.0.100.202403111256/tools/bin/../lib/gcc/arm-none-eabi/12.3.1/../../../../arm-none-eabi/lib/thumb/v7-m/nofp\libc_nano.a(libc_a-init.o)
 .debug_frame   0x00005640       0x28 C:/ST/STM32CubeIDE_1.15.1/STM32CubeIDE/plugins/com.st.stm32cube.ide.mcu.externaltools.gnu-tools-for-stm32.12.3.rel1.win32_1.0.100.202403111256/tools/bin/../lib/gcc/arm-none-eabi/12.3.1/../../../../arm-none-eabi/lib/thumb/v7-m/nofp\libc_nano.a(libc_a-memcpy-stub.o)

.debug_line_str
                0x00000000       0x69
 .debug_line_str
                0x00000000       0x69 ./Core/Startup/startup_stm32f103rctx.o
