../Core/Src/main.c:105:6:Program_main	16	static
../Core/Src/main.c:125:6:Program_Running	8	static
../Core/Src/main.c:142:6:Program_Stop	8	static
../Core/Src/main.c:152:5:main	8	static
../Core/Src/main.c:276:6:SystemClock_Config	72	static
../Core/Src/main.c:316:13:MX_USART1_UART_Init	8	static
../Core/Src/main.c:349:13:MX_USART3_UART_Init	8	static
../Core/Src/main.c:382:13:MX_GPIO_Init	40	static
../Core/Src/main.c:461:6:StartDefaultTask	16	static
../Core/Src/main.c:487:6:StartReadVolt	40	static
../Core/Src/main.c:530:6:StartReadInput	16	static
../Core/Src/main.c:585:6:HAL_TIM_PeriodElapsedCallback	16	static
../Core/Src/main.c:602:6:Error_Handler	4	static,ignoring_inline_asm
